Archive member included to satisfy reference by file (symbol)

C:/devkitPro/libnds/lib\libmm9.a(mm_comms.o)
                              main.o (mmStart)
C:/devkitPro/libnds/lib\libmm9.a(mm_memory.o)
                              main.o (mmLoad)
C:/devkitPro/libnds/lib\libmm9.a(mm_main9.o)
                              C:/devkitPro/libnds/lib\libmm9.a(mm_memory.o) (mmcbMemory)
C:/devkitPro/libnds/lib\libmm9.a(mm_soundbank.o)
                              C:/devkitPro/libnds/lib\libmm9.a(mm_main9.o) (mmSoundBankInMemory)
C:/devkitPro/libnds/lib\libmm9.a(mm_flusher.o)
                              C:/devkitPro/libnds/lib\libmm9.a(mm_memory.o) (mmFlushBank)
C:/devkitPro/libnds/lib\libnds9.a(background.o)
                              main.o (bgIsText)
C:/devkitPro/libnds/lib\libnds9.a(sassert.o)
                              main.o (__sassert)
C:/devkitPro/libnds/lib\libnds9.a(sprite_alloc.o)
                              main.o (oamAllocateGfx)
C:/devkitPro/libnds/lib\libnds9.a(system.o)
                              main.o (powerOn)
C:/devkitPro/libnds/lib\libnds9.a(console.o)
                              C:/devkitPro/libnds/lib\libnds9.a(sassert.o) (consoleDemoInit)
C:/devkitPro/libnds/lib\libnds9.a(trig.o)
                              main.o (sinLerp)
C:/devkitPro/libnds/lib\libnds9.a(sprite.o)
                              main.o (oamInit)
C:/devkitPro/libnds/lib\libnds9.a(initSystem.o)
                              c:/devkitpro/devkitarm/bin/../lib/gcc/arm-none-eabi/10.2.0/../../../../arm-none-eabi/lib/thumb/ds_arm9_crt0.o (initSystem)
C:/devkitPro/libnds/lib\libnds9.a(timeSupport.o)
                              C:/devkitPro/libnds/lib\libnds9.a(initSystem.o) (__libnds_gtod)
C:/devkitPro/libnds/lib\libnds9.a(securearea.o)
                              c:/devkitpro/devkitarm/bin/../lib/gcc/arm-none-eabi/10.2.0/../../../../arm-none-eabi/lib/thumb/ds_arm9_crt0.o (__secure_area__)
C:/devkitPro/libnds/lib\libnds9.a(interrupts.o)
                              C:/devkitPro/libnds/lib\libnds9.a(initSystem.o) (irqInit)
C:/devkitPro/libnds/lib\libnds9.a(libnds_exit.arm.o)
                              c:/devkitpro/devkitarm/bin/../lib/gcc/arm-none-eabi/10.2.0/../../../../arm-none-eabi/lib/thumb/ds_arm9_crt0.o (__libnds_exit)
C:/devkitPro/libnds/lib\libnds9.a(fifosystem.o)
                              C:/devkitPro/libnds/lib\libmm9.a(mm_comms.o) (fifoSetValue32Handler)
C:/devkitPro/libnds/lib\libnds9.a(dcache.o)
                              C:/devkitPro/libnds/lib\libnds9.a(sprite.o) (DC_FlushRange)
C:/devkitPro/libnds/lib\libnds9.a(mpu_setup.o)
                              c:/devkitpro/devkitarm/bin/../lib/gcc/arm-none-eabi/10.2.0/../../../../arm-none-eabi/lib/thumb/ds_arm9_crt0.o (__libnds_mpu_setup)
C:/devkitPro/libnds/lib\libnds9.a(IntrWait.o)
                              main.o (swiWaitForVBlank)
C:/devkitPro/libnds/lib\libnds9.a(cpu_clock.o)
                              C:/devkitPro/libnds/lib\libnds9.a(initSystem.o) (setCpuClock)
C:/devkitPro/libnds/lib\libnds9.a(interruptDispatcher.o)
                              C:/devkitPro/libnds/lib\libnds9.a(interrupts.o) (IntrMain)
C:/devkitPro/libnds/lib\libnds9.a(debugprint.o)
                              C:/devkitPro/libnds/lib\libnds9.a(console.o) (nocashWrite)
C:/devkitPro/libnds/lib\libnds9.a(swiSoftReset.o)
                              C:/devkitPro/libnds/lib\libnds9.a(fifosystem.o) (swiSoftReset)
C:/devkitPro/libnds/lib\libnds9.a(biosCalls.o)
                              C:/devkitPro/libnds/lib\libnds9.a(system.o) (swiDelay)
C:/devkitPro/libnds/lib\libnds9.a(default_font.bin.o)
                              C:/devkitPro/libnds/lib\libnds9.a(console.o) (default_font_bin)
C:/devkitPro/libnds/lib\libnds9.a(video.o)
                              C:/devkitPro/libnds/lib\libnds9.a(initSystem.o) (vramDefault)
c:/devkitpro/devkitarm/bin/../lib/gcc/arm-none-eabi/10.2.0/../../../../arm-none-eabi/lib/thumb\libstdc++.a(del_ops.o)
                              main.o (operator delete(void*, unsigned int))
c:/devkitpro/devkitarm/bin/../lib/gcc/arm-none-eabi/10.2.0/../../../../arm-none-eabi/lib/thumb\libstdc++.a(new_op.o)
                              main.o (operator new(unsigned int))
c:/devkitpro/devkitarm/bin/../lib/gcc/arm-none-eabi/10.2.0/../../../../arm-none-eabi/lib/thumb\libstdc++.a(functexcept.o)
                              main.o (std::__throw_logic_error(char const*))
c:/devkitpro/devkitarm/bin/../lib/gcc/arm-none-eabi/10.2.0/../../../../arm-none-eabi/lib/thumb\libstdc++.a(snprintf_lite.o)
                              c:/devkitpro/devkitarm/bin/../lib/gcc/arm-none-eabi/10.2.0/../../../../arm-none-eabi/lib/thumb\libstdc++.a(functexcept.o) (__gnu_cxx::__snprintf_lite(char*, unsigned int, char const*, std::__va_list))
c:/devkitpro/devkitarm/bin/../lib/gcc/arm-none-eabi/10.2.0/../../../../arm-none-eabi/lib/thumb\libstdc++.a(string-inst.o)
[...]
Memory Configuration

Name             Origin             Length             Attributes
ewram            0x0000000002000000 0x0000000000380000
dtcm             0x0000000002ff0000 0x0000000000004000
vectors          0x0000000001000000 0x0000000000000100
itcm             0x0000000001000100 0x0000000000007f00
*default*        0x0000000000000000 0xffffffffffffffff

Linker script and memory map

                0x0000000002380000                __ewram_end = (ORIGIN (ewram) + LENGTH (ewram))
                0x0000000002380000                __eheap_end = (ORIGIN (ewram) + LENGTH (ewram))
                0x0000000002ff4000                __dtcm_top = (ORIGIN (dtcm) + LENGTH (dtcm))
                0x0000000002ff3ff8                __irq_flags = (__dtcm_top - 0x8)
                0x0000000002ff3ffc                __irq_vector = (__dtcm_top - 0x4)
                0x0000000002ff3f00                __sp_svc = (__dtcm_top - 0x100)
                0x0000000002ff3e00                __sp_irq = (__sp_svc - 0x100)
                0x0000000002ff3d00                __sp_usr = (__sp_irq - 0x100)

.secure         0x0000000002000000      0x800
 *(.secure)
 .secure        0x0000000002000000      0x800 C:/devkitPro/libnds/lib\libnds9.a(securearea.o)
                0x0000000002000000                __secure_area__

.crt0           0x0000000002000800      0x300
                0x0000000002000800                __text_start = .
 *(.crt0)
 .crt0          0x0000000002000800      0x300 c:/devkitpro/devkitarm/bin/../lib/gcc/arm-none-eabi/10.2.0/../../../../arm-none-eabi/lib/thumb/ds_arm9_crt0.o
                0x0000000002000800                _start
                0x0000000002000b00                . = ALIGN (0x4)

.plt
 *(.plt)

.init           0x0000000002000b00        0xc
 *(SORT_NONE(.init))
 .init          0x0000000002000b00        0x4 c:/devkitpro/devkitarm/bin/../lib/gcc/arm-none-eabi/10.2.0/thumb/crti.o
                0x0000000002000b00                _init
 .init          0x0000000002000b04        0x8 c:/devkitpro/devkitarm/bin/../lib/gcc/arm-none-eabi/10.2.0/thumb/crtn.o

.text           0x0000000002000b10    0x10da8
 *(EXCLUDE_FILE(*.twl* *.vectors* *.itcm*) .text)
 .text          0x0000000002000b10     0x16f0 main.o
                0x0000000002000bb0                Ufo::Ufo(int, int, int, unsigned short*)
                0x0000000002000bb0                Ufo::Ufo(int, int, int, unsigned short*)
                0x0000000002000bc0                Ufo::setCurrentFrame(int)
                0x0000000002000bc4                Ufo::setGfx(unsigned short*)
                0x0000000002000bc8                Ufo::setNOam(int)
                0x0000000002000bcc                Ufo::setOam(int)
                0x0000000002000bd0                Ufo::getOam()
                0x0000000002000bd4                Ufo::getNOam()
                0x0000000002000bd8                Ufo::getCurrentFrame()
                0x0000000002000bdc                Ufo::getNFrames()
                0x0000000002000be0                Ufo::getGfx()
                0x0000000002000be4                Ufo::getSprite()
                0x0000000002000c08                onlyAnimateCharForSineWave(OamState&, int, int)
                0x0000000002000d64                checkSingleChar(OamState&, int, int, int)
                0x0000000002000ed4                printCharForSineWave(OamState&, int, unsigned short*, int, int, char)
                0x0000000002000f44                manualoutputChars(OamState&, unsigned short*, int)
                0x0000000002001434                initVideo()
                0x0000000002001494                getRainbowGradientAsArray()
                0x000000000200152c                showRainbowEffect(int*, int, int, int, int, unsigned short*, int*, int, int)
                0x0000000002001608                isOffscreen(SpriteEntry)
                0x0000000002001634                changeUfoScreen(Ufo*)
                0x0000000002001780                getLissajousXY(int*, int*, int, int, int)
                0x0000000002001814                animateUFO2(int*, int, Ufo*, OamState&)
                0x0000000002001958                debugColors(unsigned short*)
                0x0000000002001b5c                debugMSG(std::__cxx11::basic_string<char, std::char_traits<char>, std::allocator<char> >, int)
                0x0000000002001c68                checkMoveScreen(Ufo*)
                0x0000000002001d48                debugPosition(OamState&, int, std::__cxx11::basic_string<char, std::char_traits<char>, std::allocator<char> >)
                0x0000000002001ee4                printSpacedCharMessageForSineWave(OamState&, unsigned short*, int, int, int, int, std::__cxx11::basic_string<char, std::char_traits<char>, std::allocator<char> >)
                0x00000000020020d4                initBackgrounds()
 .text          0x0000000002002200      0x24c C:/devkitPro/libnds/lib\libmm9.a(mm_comms.o)
                0x0000000002002200                mmSetupComms
                0x0000000002002252                mmSendBank
                0x000000000200225c                mmLockChannels
                0x0000000002002262                mmUnlockChannels
                0x0000000002002268                mmStart
                0x0000000002002272                mmPause
                0x0000000002002276                mmResume
                0x000000000200227a                mmStop
                0x000000000200227e                mmPosition
                0x0000000002002282                mmJingle
                0x0000000002002286                mmSetModuleVolume
                0x000000000200228a                mmSetJingleVolume
                0x000000000200228e                mmSetModuleTempo
                0x0000000002002292                mmSetModulePitch
                0x0000000002002296                mmSetEffectsVolume
                0x000000000200229a                mmSelectMode
                0x000000000200229e                mmStreamBegin
                0x00000000020022b2                mmStreamEnd
                0x0000000002002308                mmEffect
                0x000000000200232c                mmEffectVolume
                0x0000000002002330                mmEffectPanning
                0x0000000002002334                mmEffectRate
                0x000000000200233e                mmEffectScaleRate
                0x0000000002002348                mmEffectRelease
                0x000000000200234e                mmEffectCancel
                0x0000000002002354                mmEffectEx
                0x0000000002002392                mmEffectCancelAll
                0x0000000002002396                mmReverbEnable
                0x000000000200239a                mmReverbDisable
                0x000000000200239e                mmReverbConfigure
                0x00000000020023fa                mmReverbStart
                0x00000000020023fe                mmReverbStop
 .text          0x000000000200244c      0x120 C:/devkitPro/libnds/lib\libmm9.a(mm_memory.o)
                0x000000000200244c                mmLoad
                0x000000000200249c                mmUnload
                0x00000000020024f4                mmLoadEffect
                0x000000000200252c                mmUnloadEffect
 .text          0x000000000200256c      0x108 C:/devkitPro/libnds/lib\libmm9.a(mm_main9.o)
                0x000000000200256c                mmActive
                0x0000000002002572                mmSetEventHandler
                0x0000000002002578                mmInit
                0x00000000020025a2                mmInitDefault
                0x00000000020025ec                mmInitDefaultMem
                0x000000000200260e                mmSuspendIRQ_t
                0x000000000200262c                mmRestoreIRQ_t
 .text          0x0000000002002674      0x100 C:/devkitPro/libnds/lib\libmm9.a(mm_soundbank.o)
                0x0000000002002674                mmSoundBankInMemory
                0x000000000200267c                mmSoundBankInFiles
                0x000000000200268e                mmSetCustomSoundBankHandler
                0x00000000020026ba                mmsHandleFileOp
 .text          0x0000000002002774       0x3c C:/devkitPro/libnds/lib\libmm9.a(mm_flusher.o)
                0x0000000002002774                mmFlushBank
 .text          0x00000000020027b0       0xa4 C:/devkitPro/libnds/lib\libnds9.a(debugprint.o)
                0x00000000020027b0                nocashWrite
                0x00000000020027b2                nocashMessage
 .text          0x0000000002002854      0x290 c:/devkitpro/devkitarm/bin/../lib/gcc/arm-none-eabi/10.2.0/thumb\libgcc.a(_arm_muldf3.o)
                0x0000000002002854                __muldf3
                0x0000000002002854                __aeabi_dmul
 .text          0x0000000002002ae4      0x11c c:/devkitpro/devkitarm/bin/../lib/gcc/arm-none-eabi/10.2.0/thumb\libgcc.a(_udivsi3.o)
                0x0000000002002ae4                __aeabi_uidiv
                0x0000000002002ae4                __udivsi3
                0x0000000002002be0                __aeabi_uidivmod
 .text          0x0000000002002c00      0x150 c:/devkitpro/devkitarm/bin/../lib/gcc/arm-none-eabi/10.2.0/thumb\libgcc.a(_divsi3.o)
                0x0000000002002c00                __divsi3
                0x0000000002002c00                __aeabi_idiv
                0x0000000002002d30                __aeabi_idivmod
 .text          0x0000000002002d50        0x4 c:/devkitpro/devkitarm/bin/../lib/gcc/arm-none-eabi/10.2.0/thumb\libgcc.a(_dvmd_tls.o)
                0x0000000002002d50                __aeabi_idiv0
                0x0000000002002d50                __aeabi_ldiv0
 .text          0x0000000002002d54      0x424 c:/devkitpro/devkitarm/bin/../lib/gcc/arm-none-eabi/10.2.0/thumb\libgcc.a(_arm_addsubdf3.o)
                0x0000000002002d54                __aeabi_drsub
                0x0000000002002d5c                __aeabi_dsub
                0x0000000002002d5c                __subdf3
                0x0000000002002d60                __aeabi_dadd
                0x0000000002002d60                __adddf3
                0x0000000002003070                __floatunsidf
                0x0000000002003070                __aeabi_ui2d
                0x0000000002003094                __floatsidf
                0x0000000002003094                __aeabi_i2d
                0x00000000020030bc                __aeabi_f2d
                0x00000000020030bc                __extendsfdf2
                0x0000000002003104                __floatundidf
                0x0000000002003104                __aeabi_ul2d
                0x0000000002003118                __floatdidf
                0x0000000002003118                __aeabi_l2d
 .text          0x0000000002003178       0x5c c:/devkitpro/devkitarm/bin/../lib/gcc/arm-none-eabi/10.2.0/thumb\libgcc.a(_arm_fixdfsi.o)
                0x0000000002003178                __aeabi_d2iz
                0x0000000002003178                __fixdfsi
 .text          0x00000000020031d4      0x2ac c:/devkitpro/devkitarm/bin/../lib/gcc/arm-none-eabi/10.2.0/thumb\libgcc.a(_arm_addsubsf3.o)
                0x00000000020031d4                __aeabi_frsub
                0x00000000020031dc                __subsf3
                0x00000000020031dc                __aeabi_fsub
                0x00000000020031e0                __aeabi_fadd
                0x00000000020031e0                __addsf3
                0x000000000200339c                __aeabi_ui2f
                0x000000000200339c                __floatunsisf
                0x00000000020033a4                __aeabi_i2f
                0x00000000020033a4                __floatsisf
                0x00000000020033c4                __aeabi_ul2f
                0x00000000020033c4                __floatundisf
                0x00000000020033d4                __aeabi_l2f
                0x00000000020033d4                __floatdisf
 .text          0x0000000002003480       0x5c c:/devkitpro/devkitarm/bin/../lib/gcc/arm-none-eabi/10.2.0/thumb\libgcc.a(_arm_fixsfsi.o)
                0x0000000002003480                __aeabi_f2iz
                0x0000000002003480                __fixsfsi
 .text          0x00000000020034dc      0x1d8 c:/devkitpro/devkitarm/bin/../lib/gcc/arm-none-eabi/10.2.0/thumb\libgcc.a(libunwind.o)
                0x00000000020034dc                __restore_core_regs
                0x00000000020034dc                restore_core_regs
                0x00000000020034f8                __gnu_Unwind_Restore_VFP
                0x0000000002003500                __gnu_Unwind_Save_VFP
                0x0000000002003508                __gnu_Unwind_Restore_VFP_D
                0x0000000002003510                __gnu_Unwind_Save_VFP_D
                0x0000000002003518                __gnu_Unwind_Restore_VFP_D_16_to_31
                0x0000000002003520                __gnu_Unwind_Save_VFP_D_16_to_31
                0x0000000002003528                __gnu_Unwind_Restore_WMMXD
                0x000000000200356c                __gnu_Unwind_Save_WMMXD
                0x00000000020035b0                __gnu_Unwind_Restore_WMMXC
                0x00000000020035c4                __gnu_Unwind_Save_WMMXC
                0x00000000020035d8                ___Unwind_RaiseException
                0x00000000020035d8                _Unwind_RaiseException
                0x0000000002003604                _Unwind_Resume
                0x0000000002003604                ___Unwind_Resume
                0x0000000002003630                _Unwind_Resume_or_Rethrow
                0x0000000002003630                ___Unwind_Resume_or_Rethrow
                0x000000000200365c                _Unwind_ForcedUnwind
                0x000000000200365c                ___Unwind_ForcedUnwind
                0x0000000002003688                ___Unwind_Backtrace
                0x0000000002003688                _Unwind_Backtrace
 .text          0x00000000020036b4      0x224 c:/devkitpro/devkitarm/bin/../lib/gcc/arm-none-eabi/10.2.0/../../../../arm-none-eabi/lib/thumb\libg.a(lib_a-strcmp.o)
                0x00000000020036b4                strcmp
 .text          0x00000000020038d8       0x14 c:/devkitpro/devkitarm/bin/../lib/gcc/arm-none-eabi/10.2.0/thumb\libgcc.a(_thumb1_case_uqi.o)
                0x00000000020038d8                __gnu_thumb1_case_uqi
 .text          0x00000000020038ec       0x14 c:/devkitpro/devkitarm/bin/../lib/gcc/arm-none-eabi/10.2.0/thumb\libgcc.a(_thumb1_case_uhi.o)
                0x00000000020038ec                __gnu_thumb1_case_uhi
 .text          0x0000000002003900       0x3c c:/devkitpro/devkitarm/bin/../lib/gcc/arm-none-eabi/10.2.0/thumb\libgcc.a(_aeabi_uldivmod.o)
                0x0000000002003900                __aeabi_uldivmod
 .text          0x000000000200393c       0x28 c:/devkitpro/devkitarm/bin/../lib/gcc/arm-none-eabi/10.2.0/thumb\libgcc.a(_clzdi2.o)
                0x000000000200393c                __clzdi2
 .text          0x0000000002003964       0x48 c:/devkitpro/devkitarm/bin/../lib/gcc/arm-none-eabi/10.2.0/thumb\libgcc.a(_clzsi2.o)
                0x0000000002003964                __clzsi2
 *(EXCLUDE_FILE(*.twl* *.vectors* *.itcm*) .stub)
 *(EXCLUDE_FILE(*.twl* *.vectors* *.itcm*) .text.*)
 .text.__do_global_dtors_aux
                0x00000000020039ac       0x2c c:/devkitpro/devkitarm/bin/../lib/gcc/arm-none-eabi/10.2.0/thumb/crtbegin.o
 .text.frame_dummy
                0x00000000020039d8       0x24 c:/devkitpro/devkitarm/bin/../lib/gcc/arm-none-eabi/10.2.0/thumb/crtbegin.o
 .text._ZNSt8__detail18__to_chars_10_implIjEEvPcjT_
                0x00000000020039fc       0x78 main.o
                0x00000000020039fc                void std::__detail::__to_chars_10_impl<unsigned int>(char*, unsigned int, unsigned int)
 .text._ZNSt6vectorIiSaIiEE17_M_realloc_insertIJRKiEEEvN9__gnu_cxx17__normal_iteratorIPiS1_EEDpOT_
                0x0000000002003a74       0xf0 main.o
                0x0000000002003a74                void std::vector<int, std::allocator<int> >::_M_realloc_insert<int const&>(__gnu_cxx::__normal_iterator<int*, std::vector<int, std::allocator<int> > >, int const&)
 .text.startup  0x0000000002003b64     0x1500 main.o
                0x0000000002003b64                main
 .text.bgIsText
                0x0000000002005064        0xc C:/devkitPro/libnds/lib\libnds9.a(background.o)
                0x0000000002005064                bgIsText
 .text.checkIfText
                0x0000000002005070       0x5c C:/devkitPro/libnds/lib\libnds9.a(background.o)
                0x0000000002005070                checkIfText
 .text.bgUpdate
                0x00000000020050cc       0xf4 C:/devkitPro/libnds/lib\libnds9.a(background.o)
                0x00000000020050cc                bgUpdate
 .text.bgInit_call
                0x00000000020051c0       0xc4 C:/devkitPro/libnds/lib\libnds9.a(background.o)
                0x00000000020051c0                bgInit_call
 .text.bgInitSub_call
                0x0000000002005284       0xcc C:/devkitPro/libnds/lib\libnds9.a(background.o)
                0x0000000002005284                bgInitSub_call
 .text.__sassert
                0x0000000002005350       0x38 C:/devkitPro/libnds/lib\libnds9.a(sassert.o)
                0x0000000002005350                __sassert
 .text.oamAllocReset
                0x0000000002005388       0x1c C:/devkitPro/libnds/lib\libnds9.a(sprite_alloc.o)
                0x0000000002005388                oamAllocReset
 .text.oamAllocateGfx
                0x00000000020053a4      0x510 C:/devkitPro/libnds/lib\libnds9.a(sprite_alloc.o)
                0x00000000020053a4                oamAllocateGfx
 .text.systemValueHandler
                0x00000000020058b4       0x48 C:/devkitPro/libnds/lib\libnds9.a(system.o)
                0x00000000020058b4                systemValueHandler
 .text.systemMsgHandler
                0x00000000020058fc       0x60 C:/devkitPro/libnds/lib\libnds9.a(system.o)
                0x00000000020058fc                systemMsgHandler
 .text.powerOn  0x000000000200595c       0x2c C:/devkitPro/libnds/lib\libnds9.a(system.o)
                0x000000000200595c                powerOn
 .text.newRow   0x0000000002005988       0xb0 C:/devkitPro/libnds/lib\libnds9.a(console.o)
 .text.consolePrintChar
                0x0000000002005a38       0xec C:/devkitPro/libnds/lib\libnds9.a(console.o)
                0x0000000002005a38                consolePrintChar
 .text.con_write
                0x0000000002005b24      0x374 C:/devkitPro/libnds/lib\libnds9.a(console.o)
                0x0000000002005b24                con_write
 .text.consoleLoadFont
                0x0000000002005e98      0x2a8 C:/devkitPro/libnds/lib\libnds9.a(console.o)
                0x0000000002005e98                consoleLoadFont
 .text.consoleInit
                0x0000000002006140      0x194 C:/devkitPro/libnds/lib\libnds9.a(console.o)
                0x0000000002006140                consoleInit
 .text.consoleDemoInit
                0x00000000020062d4       0x40 C:/devkitPro/libnds/lib\libnds9.a(console.o)
                0x00000000020062d4                consoleDemoInit
 .text.sinLutLookup
                0x0000000002006314       0x38 C:/devkitPro/libnds/lib\libnds9.a(trig.o)
                0x0000000002006314                sinLutLookup
 .text.sinLerp  0x000000000200634c       0x40 C:/devkitPro/libnds/lib\libnds9.a(trig.o)
                0x000000000200634c                sinLerp
 .text.cosLerp  0x000000000200638c       0x4c C:/devkitPro/libnds/lib\libnds9.a(trig.o)
                0x000000000200638c                cosLerp
 .text.oamInit  0x00000000020063d8      0x118 C:/devkitPro/libnds/lib\libnds9.a(sprite.o)
                0x00000000020063d8                oamInit
 .text.oamGetGfxPtr
                0x00000000020064f0       0x38 C:/devkitPro/libnds/lib\libnds9.a(sprite.o)
                0x00000000020064f0                oamGetGfxPtr
 .text.oamGfxPtrToOffset
                0x0000000002006528       0x34 C:/devkitPro/libnds/lib\libnds9.a(sprite.o)
                0x0000000002006528                oamGfxPtrToOffset
 .text.oamSet   0x000000000200655c      0x11c C:/devkitPro/libnds/lib\libnds9.a(sprite.o)
                0x000000000200655c                oamSet
 .text.oamUpdate
                0x0000000002006678       0x60 C:/devkitPro/libnds/lib\libnds9.a(sprite.o)
                0x0000000002006678                oamUpdate
 .text.initSystem
                0x00000000020066d8      0x198 C:/devkitPro/libnds/lib\libnds9.a(initSystem.o)
                0x00000000020066d8                initSystem
 .text.__libnds_gtod
                0x0000000002006870       0x28 C:/devkitPro/libnds/lib\libnds9.a(timeSupport.o)
                0x0000000002006870                __libnds_gtod
 .text.irqDummy
                0x0000000002006898        0x4 C:/devkitPro/libnds/lib\libnds9.a(interrupts.o)
                0x0000000002006898                irqDummy
 .text.irqSet   0x000000000200689c       0x6c C:/devkitPro/libnds/lib\libnds9.a(interrupts.o)
                0x000000000200689c                irqSet
 .text.irqInit  0x0000000002006908       0x50 C:/devkitPro/libnds/lib\libnds9.a(interrupts.o)
                0x0000000002006908                irqInit
 .text.irqEnable
                0x0000000002006958       0x64 C:/devkitPro/libnds/lib\libnds9.a(interrupts.o)
                0x0000000002006958                irqEnable
 .text.systemErrorExit
                0x00000000020069bc        0x4 C:/devkitPro/libnds/lib\libnds9.a(libnds_exit.arm.o)
                0x00000000020069bc                systemErrorExit
 .text.__libnds_exit
                0x00000000020069c0       0x5c C:/devkitPro/libnds/lib\libnds9.a(libnds_exit.arm.o)
                0x00000000020069c0                __libnds_exit
 .text.fifo_queueBlock
                0x0000000002006a1c       0x44 C:/devkitPro/libnds/lib\libnds9.a(fifosystem.o)
 .text.fifo_waitBlock
                0x0000000002006a60       0x80 C:/devkitPro/libnds/lib\libnds9.a(fifosystem.o)
 .text.fifoInternalSend.part.0
                0x0000000002006ae0       0xd4 C:/devkitPro/libnds/lib\libnds9.a(fifosystem.o)
 .text.fifoInternalSendInterrupt
                0x0000000002006bb4       0xa8 C:/devkitPro/libnds/lib\libnds9.a(fifosystem.o)
 .text.fifoSetValue32Handler
                0x0000000002006c5c       0xd8 C:/devkitPro/libnds/lib\libnds9.a(fifosystem.o)
                0x0000000002006c5c                fifoSetValue32Handler
 .text.fifoSendValue32
                0x0000000002006d34       0x4c C:/devkitPro/libnds/lib\libnds9.a(fifosystem.o)
                0x0000000002006d34                fifoSendValue32
 .text.fifoSendDatamsg
                0x0000000002006d80       0x90 C:/devkitPro/libnds/lib\libnds9.a(fifosystem.o)
                0x0000000002006d80                fifoSendDatamsg
 .text.fifoGetDatamsg
                0x0000000002006e10       0xf4 C:/devkitPro/libnds/lib\libnds9.a(fifosystem.o)
                0x0000000002006e10                fifoGetDatamsg
 .text.fifoInternalRecvInterrupt
                0x0000000002006f04      0x380 C:/devkitPro/libnds/lib\libnds9.a(fifosystem.o)
 .text.fifoSetDatamsgHandler
                0x0000000002007284       0x9c C:/devkitPro/libnds/lib\libnds9.a(fifosystem.o)
                0x0000000002007284                fifoSetDatamsgHandler
 .text.fifoInit
                0x0000000002007320       0xf8 C:/devkitPro/libnds/lib\libnds9.a(fifosystem.o)
                0x0000000002007320                fifoInit
 .text.DC_FlushRange
                0x0000000002007418       0x24 C:/devkitPro/libnds/lib\libnds9.a(dcache.o)
                0x0000000002007418                DC_FlushRange
 .text.__libnds_mpu_setup
                0x000000000200743c      0x174 C:/devkitPro/libnds/lib\libnds9.a(mpu_setup.o)
                0x000000000200743c                __libnds_mpu_setup
 .text.memUncached
                0x00000000020075b0       0x20 C:/devkitPro/libnds/lib\libnds9.a(mpu_setup.o)
                0x00000000020075b0                memUncached
 .text.swiWaitForVBlank
                0x00000000020075d0        0x8 C:/devkitPro/libnds/lib\libnds9.a(IntrWait.o)
                0x00000000020075d0                swiWaitForVBlank
 .text.swiIntrWait
                0x00000000020075d8       0x70 C:/devkitPro/libnds/lib\libnds9.a(IntrWait.o)
                0x00000000020075d8                swiIntrWait
 .text.setCpuClock
                0x0000000002007648       0x50 C:/devkitPro/libnds/lib\libnds9.a(cpu_clock.o)
                0x0000000002007648                setCpuClock
 .text.swiSoftReset
                0x0000000002007698       0x2c C:/devkitPro/libnds/lib\libnds9.a(swiSoftReset.o)
                0x0000000002007698                swiSoftReset
 .text.swiDelay
                0x00000000020076c4        0x4 C:/devkitPro/libnds/lib\libnds9.a(biosCalls.o)
                0x00000000020076c4                swiDelay
 .text.vramDefault
                0x00000000020076c8       0xd0 C:/devkitPro/libnds/lib\libnds9.a(video.o)
                0x00000000020076c8                vramDefault
 .text._ZdlPvj  0x0000000002007798        0xc c:/devkitpro/devkitarm/bin/../lib/gcc/arm-none-eabi/10.2.0/../../../../arm-none-eabi/lib/thumb\libstdc++.a(del_ops.o)
                0x0000000002007798                operator delete(void*, unsigned int)
 .text._Znwj    0x00000000020077a4       0x48 c:/devkitpro/devkitarm/bin/../lib/gcc/arm-none-eabi/10.2.0/../../../../arm-none-eabi/lib/thumb\libstdc++.a(new_op.o)
                0x00000000020077a4                operator new(unsigned int)
 .text.unlikely._ZSt17__throw_bad_allocv
                0x00000000020077ec       0x20 c:/devkitpro/devkitarm/bin/../lib/gcc/arm-none-eabi/10.2.0/../../../../arm-none-eabi/lib/thumb\libstdc++.a(functexcept.o)
                0x00000000020077ec                std::__throw_bad_alloc()
 .text.unlikely._ZSt19__throw_logic_errorPKc
                0x000000000200780c       0x30 c:/devkitpro/devkitarm/bin/../lib/gcc/arm-none-eabi/10.2.0/../../../../arm-none-eabi/lib/thumb\libstdc++.a(functexcept.o)
                0x000000000200780c                std::__throw_logic_error(char const*)
 .text.unlikely._ZSt20__throw_length_errorPKc
                0x000000000200783c       0x30 c:/devkitpro/devkitarm/bin/../lib/gcc/arm-none-eabi/10.2.0/../../../../arm-none-eabi/lib/thumb\libstdc++.a(functexcept.o)
                0x000000000200783c                std::__throw_length_error(char const*)
 .text._ZNSt7__cxx1112basic_stringIcSt11char_traitsIcESaIcEE9_M_createERjj
                0x000000000200786c       0x40 c:/devkitpro/devkitarm/bin/../lib/gcc/arm-none-eabi/10.2.0/../../../../arm-none-eabi/lib/thumb\libstdc++.a(string-inst.o)
                0x000000000200786c                std::__cxx11::basic_string<char, std::char_traits<char>, std::allocator<char> >::_M_create(unsigned int&, unsigned int)
 .text._ZNSt7__cxx1112basic_stringIcSt11char_traitsIcESaIcEE12_M_constructEjc
                0x00000000020078ac       0x4c c:/devkitpro/devkitarm/bin/../lib/gcc/arm-none-eabi/10.2.0/../../../../arm-none-eabi/lib/thumb\libstdc++.a(string-inst.o)
                0x00000000020078ac                std::__cxx11::basic_string<char, std::char_traits<char>, std::allocator<char> >::_M_construct(unsigned int, char)
 .text._ZNSt7__cxx1112basic_stringIcSt11char_traitsIcESaIcEE9_M_mutateEjjPKcj
                0x00000000020078f8       0xc0 c:/devkitpro/devkitarm/bin/../lib/gcc/arm-none-eabi/10.2.0/../../../../arm-none-eabi/lib/thumb\libstdc++.a(string-inst.o)
                0x00000000020078f8                std::__cxx11::basic_string<char, std::char_traits<char>, std::allocator<char> >::_M_mutate(unsigned int, unsigned int, char const*, unsigned int)
 .text._ZNSt7__cxx1112basic_stringIcSt11char_traitsIcESaIcEE7reserveEj
                0x00000000020079b8       0xa0 c:/devkitpro/devkitarm/bin/../lib/gcc/arm-none-eabi/10.2.0/../../../../arm-none-eabi/lib/thumb\libstdc++.a(string-inst.o)
                0x00000000020079b8                std::__cxx11::basic_string<char, std::char_traits<char>, std::allocator<char> >::reserve(unsigned int)
 .text._ZNSt7__cxx1112basic_stringIcSt11char_traitsIcESaIcEE9_M_appendEPKcj
                0x0000000002007a58       0x58 c:/devkitpro/devkitarm/bin/../lib/gcc/arm-none-eabi/10.2.0/../../../../arm-none-eabi/lib/thumb\libstdc++.a(string-inst.o)
                0x0000000002007a58                std::__cxx11::basic_string<char, std::char_traits<char>, std::allocator<char> >::_M_append(char const*, unsigned int)
 .text._ZNKSt9bad_alloc4whatEv
                0x0000000002007ab0        0x8 c:/devkitpro/devkitarm/bin/../lib/gcc/arm-none-eabi/10.2.0/../../../../arm-none-eabi/lib/thumb\libstdc++.a(bad_alloc.o)
                0x0000000002007ab0                std::bad_alloc::what() const
 .text._ZNSt9bad_allocD2Ev
                0x0000000002007ab8       0x1c c:/devkitpro/devkitarm/bin/../lib/gcc/arm-none-eabi/10.2.0/../../../../arm-none-eabi/lib/thumb\libstdc++.a(bad_alloc.o)
                0x0000000002007ab8                std::bad_alloc::~bad_alloc()
                0x0000000002007ab8                std::bad_alloc::~bad_alloc()
 .text._ZNSt9bad_allocD0Ev
                0x0000000002007ad4       0x24 c:/devkitpro/devkitarm/bin/../lib/gcc/arm-none-eabi/10.2.0/../../../../arm-none-eabi/lib/thumb\libstdc++.a(bad_alloc.o)
                0x0000000002007ad4                std::bad_alloc::~bad_alloc()
 .text._ZdlPv   0x0000000002007af8        0xc c:/devkitpro/devkitarm/bin/../lib/gcc/arm-none-eabi/10.2.0/../../../../arm-none-eabi/lib/thumb\libstdc++.a(del_op.o)
                0x0000000002007af8                operator delete(void*)
 .text._ZN12_GLOBAL__N_14pool4freeEPv.constprop.0
                0x0000000002007b04       0x80 c:/devkitpro/devkitarm/bin/../lib/gcc/arm-none-eabi/10.2.0/../../../../arm-none-eabi/lib/thumb\libstdc++.a(eh_alloc.o)
 .text._ZN12_GLOBAL__N_14pool8allocateEj.constprop.0
                0x0000000002007b84       0x54 c:/devkitpro/devkitarm/bin/../lib/gcc/arm-none-eabi/10.2.0/../../../../arm-none-eabi/lib/thumb\libstdc++.a(eh_alloc.o)
 .text.__cxa_allocate_exception
                0x0000000002007bd8       0x30 c:/devkitpro/devkitarm/bin/../lib/gcc/arm-none-eabi/10.2.0/../../../../arm-none-eabi/lib/thumb\libstdc++.a(eh_alloc.o)
                0x0000000002007bd8                __cxa_allocate_exception
 .text.__cxa_free_exception
                0x0000000002007c08       0x28 c:/devkitpro/devkitarm/bin/../lib/gcc/arm-none-eabi/10.2.0/../../../../arm-none-eabi/lib/thumb\libstdc++.a(eh_alloc.o)
                0x0000000002007c08                __cxa_free_exception
 .text.startup._GLOBAL__sub_I__ZN9__gnu_cxx9__freeresEv
                0x0000000002007c30       0x30 c:/devkitpro/devkitarm/bin/../lib/gcc/arm-none-eabi/10.2.0/../../../../arm-none-eabi/lib/thumb\libstdc++.a(eh_alloc.o)
 .text.__cxa_end_cleanup
                0x0000000002007c60        0xc c:/devkitpro/devkitarm/bin/../lib/gcc/arm-none-eabi/10.2.0/../../../../arm-none-eabi/lib/thumb\libstdc++.a(eh_arm.o)
                0x0000000002007c60                __cxa_end_cleanup
 .text.__cxa_type_match
                0x0000000002007c6c       0xcc c:/devkitpro/devkitarm/bin/../lib/gcc/arm-none-eabi/10.2.0/../../../../arm-none-eabi/lib/thumb\libstdc++.a(eh_arm.o)
                0x0000000002007c6c                __cxa_type_match
 .text.__cxa_begin_cleanup
                0x0000000002007d38       0x64 c:/devkitpro/devkitarm/bin/../lib/gcc/arm-none-eabi/10.2.0/../../../../arm-none-eabi/lib/thumb\libstdc++.a(eh_arm.o)
                0x0000000002007d38                __cxa_begin_cleanup
 .text.__gnu_end_cleanup
                0x0000000002007d9c       0x74 c:/devkitpro/devkitarm/bin/../lib/gcc/arm-none-eabi/10.2.0/../../../../arm-none-eabi/lib/thumb\libstdc++.a(eh_arm.o)
                0x0000000002007d9c                __gnu_end_cleanup
 .text.__cxa_begin_catch
                0x0000000002007e10       0x78 c:/devkitpro/devkitarm/bin/../lib/gcc/arm-none-eabi/10.2.0/../../../../arm-none-eabi/lib/thumb\libstdc++.a(eh_catch.o)
                0x0000000002007e10                __cxa_begin_catch
 .text.__cxa_end_catch
                0x0000000002007e88       0x94 c:/devkitpro/devkitarm/bin/../lib/gcc/arm-none-eabi/10.2.0/../../../../arm-none-eabi/lib/thumb\libstdc++.a(eh_catch.o)
                0x0000000002007e88                __cxa_end_catch
 .text._ZNSt9exceptionD2Ev
                0x0000000002007f1c        0x4 c:/devkitpro/devkitarm/bin/../lib/gcc/arm-none-eabi/10.2.0/../../../../arm-none-eabi/lib/thumb\libstdc++.a(eh_exception.o)
                0x0000000002007f1c                std::exception::~exception()
                0x0000000002007f1c                std::exception::~exception()
 .text._ZNSt13bad_exceptionD2Ev
                0x0000000002007f20        0x4 c:/devkitpro/devkitarm/bin/../lib/gcc/arm-none-eabi/10.2.0/../../../../arm-none-eabi/lib/thumb\libstdc++.a(eh_exception.o)
                0x0000000002007f20                std::bad_exception::~bad_exception()
                0x0000000002007f20                std::bad_exception::~bad_exception()
 .text._ZNKSt13bad_exception4whatEv
                0x0000000002007f24        0x8 c:/devkitpro/devkitarm/bin/../lib/gcc/arm-none-eabi/10.2.0/../../../../arm-none-eabi/lib/thumb\libstdc++.a(eh_exception.o)
                0x0000000002007f24                std::bad_exception::what() const
                0x0000000002007f24                transaction clone for std::bad_exception::what() const
 .text._ZNSt13bad_exceptionD0Ev
                0x0000000002007f2c       0x14 c:/devkitpro/devkitarm/bin/../lib/gcc/arm-none-eabi/10.2.0/../../../../arm-none-eabi/lib/thumb\libstdc++.a(eh_exception.o)
                0x0000000002007f2c                std::bad_exception::~bad_exception()
 .text.__cxa_get_globals_fast
                0x0000000002007f40        0x8 c:/devkitpro/devkitarm/bin/../lib/gcc/arm-none-eabi/10.2.0/../../../../arm-none-eabi/lib/thumb\libstdc++.a(eh_globals.o)
                0x0000000002007f40                __cxa_get_globals_fast
 .text.__cxa_get_globals
                0x0000000002007f48        0x8 c:/devkitpro/devkitarm/bin/../lib/gcc/arm-none-eabi/10.2.0/../../../../arm-none-eabi/lib/thumb\libstdc++.a(eh_globals.o)
                0x0000000002007f48                __cxa_get_globals
 .text._ZL28read_encoded_value_with_basehjPKhPj
                0x0000000002007f50      0x114 c:/devkitpro/devkitarm/bin/../lib/gcc/arm-none-eabi/10.2.0/../../../../arm-none-eabi/lib/thumb\libstdc++.a(eh_personality.o)
 .text._ZL21base_of_encoded_valuehP15_Unwind_Context
                0x0000000002008064       0x4c c:/devkitpro/devkitarm/bin/../lib/gcc/arm-none-eabi/10.2.0/../../../../arm-none-eabi/lib/thumb\libstdc++.a(eh_personality.o)
 .text._ZL17parse_lsda_headerP15_Unwind_ContextPKhP16lsda_header_info
                0x00000000020080b0       0x98 c:/devkitpro/devkitarm/bin/../lib/gcc/arm-none-eabi/10.2.0/../../../../arm-none-eabi/lib/thumb\libstdc++.a(eh_personality.o)
 .text.__gxx_personality_v0
                0x0000000002008148      0x4a4 c:/devkitpro/devkitarm/bin/../lib/gcc/arm-none-eabi/10.2.0/../../../../arm-none-eabi/lib/thumb\libstdc++.a(eh_personality.o)
                0x0000000002008148                __gxx_personality_v0
 .text._ZN10__cxxabiv111__terminateEPFvvE
                0x00000000020085ec       0x2c c:/devkitpro/devkitarm/bin/../lib/gcc/arm-none-eabi/10.2.0/../../../../arm-none-eabi/lib/thumb\libstdc++.a(eh_terminate.o)
                0x00000000020085ec                __cxxabiv1::__terminate(void (*)())
 .text._ZSt9terminatev
                0x0000000002008618       0x10 c:/devkitpro/devkitarm/bin/../lib/gcc/arm-none-eabi/10.2.0/../../../../arm-none-eabi/lib/thumb\libstdc++.a(eh_terminate.o)
                0x0000000002008618                std::terminate()
 .text._ZN10__cxxabiv112__unexpectedEPFvvE
                0x0000000002008628        0xc c:/devkitpro/devkitarm/bin/../lib/gcc/arm-none-eabi/10.2.0/../../../../arm-none-eabi/lib/thumb\libstdc++.a(eh_terminate.o)
                0x0000000002008628                __cxxabiv1::__unexpected(void (*)())
 .text._ZSt10unexpectedv
                0x0000000002008634       0x10 c:/devkitpro/devkitarm/bin/../lib/gcc/arm-none-eabi/10.2.0/../../../../arm-none-eabi/lib/thumb\libstdc++.a(eh_terminate.o)
                0x0000000002008634                std::unexpected()
 .text._ZSt13get_terminatev
                0x0000000002008644        0xc c:/devkitpro/devkitarm/bin/../lib/gcc/arm-none-eabi/10.2.0/../../../../arm-none-eabi/lib/thumb\libstdc++.a(eh_terminate.o)
                0x0000000002008644                std::get_terminate()
 .text._ZSt14get_unexpectedv
                0x0000000002008650        0xc c:/devkitpro/devkitarm/bin/../lib/gcc/arm-none-eabi/10.2.0/../../../../arm-none-eabi/lib/thumb\libstdc++.a(eh_terminate.o)
                0x0000000002008650                std::get_unexpected()
 .text._ZL23__gxx_exception_cleanup19_Unwind_Reason_CodeP21_Unwind_Control_Block
                0x000000000200865c       0x3c c:/devkitpro/devkitarm/bin/../lib/gcc/arm-none-eabi/10.2.0/../../../../arm-none-eabi/lib/thumb\libstdc++.a(eh_throw.o)
 .text.__cxa_init_primary_exception
                0x0000000002008698       0x50 c:/devkitpro/devkitarm/bin/../lib/gcc/arm-none-eabi/10.2.0/../../../../arm-none-eabi/lib/thumb\libstdc++.a(eh_throw.o)
                0x0000000002008698                __cxa_init_primary_exception
 .text.__cxa_throw
                0x00000000020086e8       0x34 c:/devkitpro/devkitarm/bin/../lib/gcc/arm-none-eabi/10.2.0/../../../../arm-none-eabi/lib/thumb\libstdc++.a(eh_throw.o)
                0x00000000020086e8                __cxa_throw
 .text.__cxa_rethrow
                0x000000000200871c       0x70 c:/devkitpro/devkitarm/bin/../lib/gcc/arm-none-eabi/10.2.0/../../../../arm-none-eabi/lib/thumb\libstdc++.a(eh_throw.o)
                0x000000000200871c                __cxa_rethrow
 .text._ZSt15get_new_handlerv
                0x000000000200878c        0xc c:/devkitpro/devkitarm/bin/../lib/gcc/arm-none-eabi/10.2.0/../../../../arm-none-eabi/lib/thumb\libstdc++.a(new_handler.o)
                0x000000000200878c                std::get_new_handler()
 .text._ZN10__cxxabiv120__si_class_type_infoD2Ev
                0x0000000002008798       0x1c c:/devkitpro/devkitarm/bin/../lib/gcc/arm-none-eabi/10.2.0/../../../../arm-none-eabi/lib/thumb\libstdc++.a(si_class_type_info.o)
                0x0000000002008798                __cxxabiv1::__si_class_type_info::~__si_class_type_info()
                0x0000000002008798                __cxxabiv1::__si_class_type_info::~__si_class_type_info()
 .text._ZN10__cxxabiv120__si_class_type_infoD0Ev
                0x00000000020087b4       0x24 c:/devkitpro/devkitarm/bin/../lib/gcc/arm-none-eabi/10.2.0/../../../../arm-none-eabi/lib/thumb\libstdc++.a(si_class_type_info.o)
                0x00000000020087b4                __cxxabiv1::__si_class_type_info::~__si_class_type_info()
 .text._ZNK10__cxxabiv120__si_class_type_info20__do_find_public_srcEiPKvPKNS_17__class_type_infoES2_
                0x00000000020087d8       0x40 c:/devkitpro/devkitarm/bin/../lib/gcc/arm-none-eabi/10.2.0/../../../../arm-none-eabi/lib/thumb\libstdc++.a(si_class_type_info.o)
                0x00000000020087d8                __cxxabiv1::__si_class_type_info::__do_find_public_src(int, void const*, __cxxabiv1::__class_type_info const*, void const*) const
 .text._ZNK10__cxxabiv120__si_class_type_info12__do_dyncastEiNS_17__class_type_info10__sub_kindEPKS1_PKvS4_S6_RNS1_16__dyncast_resultE
                0x0000000002008818       0xa4 c:/devkitpro/devkitarm/bin/../lib/gcc/arm-none-eabi/10.2.0/../../../../arm-none-eabi/lib/thumb\libstdc++.a(si_class_type_info.o)
                0x0000000002008818                __cxxabiv1::__si_class_type_info::__do_dyncast(int, __cxxabiv1::__class_type_info::__sub_kind, __cxxabiv1::__class_type_info const*, void const*, __cxxabiv1::__class_type_info const*, void const*, __cxxabiv1::__class_type_info::__dyncast_result&) const
 .text._ZNK10__cxxabiv120__si_class_type_info11__do_upcastEPKNS_17__class_type_infoEPKvRNS1_15__upcast_resultE
                0x00000000020088bc       0x2c c:/devkitpro/devkitarm/bin/../lib/gcc/arm-none-eabi/10.2.0/../../../../arm-none-eabi/lib/thumb\libstdc++.a(si_class_type_info.o)
                0x00000000020088bc                __cxxabiv1::__si_class_type_info::__do_upcast(__cxxabiv1::__class_type_info const*, void const*, __cxxabiv1::__class_type_info::__upcast_result&) const
 .text._ZNSt9type_infoD2Ev
                0x00000000020088e8        0x4 c:/devkitpro/devkitarm/bin/../lib/gcc/arm-none-eabi/10.2.0/../../../../arm-none-eabi/lib/thumb\libstdc++.a(tinfo.o)
                0x00000000020088e8                std::type_info::~type_info()
                0x00000000020088e8                std::type_info::~type_info()
 .text._ZNKSt9type_info14__is_pointer_pEv
                0x00000000020088ec        0x4 c:/devkitpro/devkitarm/bin/../lib/gcc/arm-none-eabi/10.2.0/../../../../arm-none-eabi/lib/thumb\libstdc++.a(tinfo.o)
                0x00000000020088ec                std::type_info::__is_pointer_p() const
                0x00000000020088ec                std::type_info::__is_function_p() const
 .text._ZNKSt9type_infoeqERKS_
                0x00000000020088f0       0x30 c:/devkitpro/devkitarm/bin/../lib/gcc/arm-none-eabi/10.2.0/../../../../arm-none-eabi/lib/thumb\libstdc++.a(tinfo.o)
                0x00000000020088f0                std::type_info::operator==(std::type_info const&) const
 .text._ZNKSt11logic_error4whatEv
                0x0000000002008920        0x4 c:/devkitpro/devkitarm/bin/../lib/gcc/arm-none-eabi/10.2.0/../../../../arm-none-eabi/lib/thumb\libstdc++.a(stdexcept.o)
                0x0000000002008920                std::logic_error::what() const
                0x0000000002008920                std::runtime_error::what() const
 .text._ZNSt11logic_errorD2Ev
                0x0000000002008924       0x44 c:/devkitpro/devkitarm/bin/../lib/gcc/arm-none-eabi/10.2.0/../../../../arm-none-eabi/lib/thumb\libstdc++.a(stdexcept.o)
                0x0000000002008924                std::logic_error::~logic_error()
                0x0000000002008924                std::logic_error::~logic_error()
 .text._ZNSt12length_errorD2Ev
                0x0000000002008968       0x44 c:/devkitpro/devkitarm/bin/../lib/gcc/arm-none-eabi/10.2.0/../../../../arm-none-eabi/lib/thumb\libstdc++.a(stdexcept.o)
                0x0000000002008968                std::length_error::~length_error()
                0x0000000002008968                std::length_error::~length_error()
 .text._ZNSt11logic_errorD0Ev
                0x00000000020089ac       0x4c c:/devkitpro/devkitarm/bin/../lib/gcc/arm-none-eabi/10.2.0/../../../../arm-none-eabi/lib/thumb\libstdc++.a(stdexcept.o)
                0x00000000020089ac                std::logic_error::~logic_error()
 .text._ZNSt12length_errorD0Ev
                0x00000000020089f8       0x4c c:/devkitpro/devkitarm/bin/../lib/gcc/arm-none-eabi/10.2.0/../../../../arm-none-eabi/lib/thumb\libstdc++.a(stdexcept.o)
                0x00000000020089f8                std::length_error::~length_error()
 .text._ZNSt11logic_errorC2EPKc
                0x0000000002008a44       0x28 c:/devkitpro/devkitarm/bin/../lib/gcc/arm-none-eabi/10.2.0/../../../../arm-none-eabi/lib/thumb\libstdc++.a(cow-stdexcept.o)
                0x0000000002008a44                std::logic_error::logic_error(char const*)
                0x0000000002008a44                std::logic_error::logic_error(char const*)
 .text._ZNSt12length_errorC2EPKc
                0x0000000002008a6c       0x30 c:/devkitpro/devkitarm/bin/../lib/gcc/arm-none-eabi/10.2.0/../../../../arm-none-eabi/lib/thumb\libstdc++.a(cow-stdexcept.o)
                0x0000000002008a6c                std::length_error::length_error(char const*)
                0x0000000002008a6c                std::length_error::length_error(char const*)
 .text._ZNSs4_Rep9_S_createEjjRKSaIcE
                0x0000000002008a9c       0x64 c:/devkitpro/devkitarm/bin/../lib/gcc/arm-none-eabi/10.2.0/../../../../arm-none-eabi/lib/thumb\libstdc++.a(cow-string-inst.o)
                0x0000000002008a9c                std::string::_Rep::_S_create(unsigned int, unsigned int, std::allocator<char> const&)
 .text._ZNSs4_Rep10_M_destroyERKSaIcE
                0x0000000002008b00        0xc c:/devkitpro/devkitarm/bin/../lib/gcc/arm-none-eabi/10.2.0/../../../../arm-none-eabi/lib/thumb\libstdc++.a(cow-string-inst.o)
                0x0000000002008b00                std::string::_Rep::_M_destroy(std::allocator<char> const&)
 .text._ZNSs12_S_constructIPKcEEPcT_S3_RKSaIcESt20forward_iterator_tag
                0x0000000002008b0c       0x60 c:/devkitpro/devkitarm/bin/../lib/gcc/arm-none-eabi/10.2.0/../../../../arm-none-eabi/lib/thumb\libstdc++.a(cow-string-inst.o)
                0x0000000002008b0c                char* std::string::_S_construct<char const*>(char const*, char const*, std::allocator<char> const&, std::forward_iterator_tag)
 .text._ZNSsC2EPKcRKSaIcE
                0x0000000002008b6c       0x30 c:/devkitpro/devkitarm/bin/../lib/gcc/arm-none-eabi/10.2.0/../../../../arm-none-eabi/lib/thumb\libstdc++.a(cow-string-inst.o)
                0x0000000002008b6c                std::basic_string<char, std::char_traits<char>, std::allocator<char> >::basic_string(char const*, std::allocator<char> const&)
                0x0000000002008b6c                std::basic_string<char, std::char_traits<char>, std::allocator<char> >::basic_string(char const*, std::allocator<char> const&)
 .text._ZNK10__cxxabiv117__class_type_info11__do_upcastEPKS0_PPv
                0x0000000002008b9c       0x3c c:/devkitpro/devkitarm/bin/../lib/gcc/arm-none-eabi/10.2.0/../../../../arm-none-eabi/lib/thumb\libstdc++.a(class_type_info.o)
                0x0000000002008b9c                __cxxabiv1::__class_type_info::__do_upcast(__cxxabiv1::__class_type_info const*, void**) const
 .text._ZNK10__cxxabiv117__class_type_info20__do_find_public_srcEiPKvPKS0_S2_
                0x0000000002008bd8       0x14 c:/devkitpro/devkitarm/bin/../lib/gcc/arm-none-eabi/10.2.0/../../../../arm-none-eabi/lib/thumb\libstdc++.a(class_type_info.o)
                0x0000000002008bd8                __cxxabiv1::__class_type_info::__do_find_public_src(int, void const*, __cxxabiv1::__class_type_info const*, void const*) const
 .text._ZN10__cxxabiv117__class_type_infoD2Ev
                0x0000000002008bec       0x1c c:/devkitpro/devkitarm/bin/../lib/gcc/arm-none-eabi/10.2.0/../../../../arm-none-eabi/lib/thumb\libstdc++.a(class_type_info.o)
                0x0000000002008bec                __cxxabiv1::__class_type_info::~__class_type_info()
                0x0000000002008bec                __cxxabiv1::__class_type_info::~__class_type_info()
 .text._ZN10__cxxabiv117__class_type_infoD0Ev
                0x0000000002008c08       0x24 c:/devkitpro/devkitarm/bin/../lib/gcc/arm-none-eabi/10.2.0/../../../../arm-none-eabi/lib/thumb\libstdc++.a(class_type_info.o)
                0x0000000002008c08                __cxxabiv1::__class_type_info::~__class_type_info()
 .text._ZNK10__cxxabiv117__class_type_info12__do_dyncastEiNS0_10__sub_kindEPKS0_PKvS3_S5_RNS0_16__dyncast_resultE
                0x0000000002008c2c       0x44 c:/devkitpro/devkitarm/bin/../lib/gcc/arm-none-eabi/10.2.0/../../../../arm-none-eabi/lib/thumb\libstdc++.a(class_type_info.o)
                0x0000000002008c2c                __cxxabiv1::__class_type_info::__do_dyncast(int, __cxxabiv1::__class_type_info::__sub_kind, __cxxabiv1::__class_type_info const*, void const*, __cxxabiv1::__class_type_info const*, void const*, __cxxabiv1::__class_type_info::__dyncast_result&) const
 .text._ZNK10__cxxabiv117__class_type_info11__do_upcastEPKS0_PKvRNS0_15__upcast_resultE
                0x0000000002008c70       0x20 c:/devkitpro/devkitarm/bin/../lib/gcc/arm-none-eabi/10.2.0/../../../../arm-none-eabi/lib/thumb\libstdc++.a(class_type_info.o)
                0x0000000002008c70                __cxxabiv1::__class_type_info::__do_upcast(__cxxabiv1::__class_type_info const*, void const*, __cxxabiv1::__class_type_info::__upcast_result&) const
 .text._ZNK10__cxxabiv117__class_type_info10__do_catchEPKSt9type_infoPPvj
                0x0000000002008c90       0x2c c:/devkitpro/devkitarm/bin/../lib/gcc/arm-none-eabi/10.2.0/../../../../arm-none-eabi/lib/thumb\libstdc++.a(class_type_info.o)
                0x0000000002008c90                __cxxabiv1::__class_type_info::__do_catch(std::type_info const*, void**, unsigned int) const
 .text._ZN10__cxxabiv1L24__is_gxx_exception_classEPc
                0x0000000002008cbc       0x3c c:/devkitpro/devkitarm/bin/../lib/gcc/arm-none-eabi/10.2.0/../../../../arm-none-eabi/lib/thumb\libstdc++.a(eh_call.o)
 .text.__cxa_call_terminate
                0x0000000002008cf8       0x20 c:/devkitpro/devkitarm/bin/../lib/gcc/arm-none-eabi/10.2.0/../../../../arm-none-eabi/lib/thumb\libstdc++.a(eh_call.o)
                0x0000000002008cf8                __cxa_call_terminate
 .text.unlikely.__cxa_call_unexpected
                0x0000000002008d18      0x104 c:/devkitpro/devkitarm/bin/../lib/gcc/arm-none-eabi/10.2.0/../../../../arm-none-eabi/lib/thumb\libstdc++.a(eh_call.o)
                0x0000000002008d18                __cxa_call_unexpected
 .text.selfrel_offset31
                0x0000000002008e1c       0x18 c:/devkitpro/devkitarm/bin/../lib/gcc/arm-none-eabi/10.2.0/thumb\libgcc.a(unwind-arm.o)
 .text.search_EIT_table
                0x0000000002008e34       0x74 c:/devkitpro/devkitarm/bin/../lib/gcc/arm-none-eabi/10.2.0/thumb\libgcc.a(unwind-arm.o)
 .text.__gnu_unwind_get_pr_addr
                0x0000000002008ea8       0x2c c:/devkitpro/devkitarm/bin/../lib/gcc/arm-none-eabi/10.2.0/thumb\libgcc.a(unwind-arm.o)
 .text.get_eit_entry
                0x0000000002008ed4       0xa0 c:/devkitpro/devkitarm/bin/../lib/gcc/arm-none-eabi/10.2.0/thumb\libgcc.a(unwind-arm.o)
 .text.restore_non_core_regs
                0x0000000002008f74       0x5c c:/devkitpro/devkitarm/bin/../lib/gcc/arm-none-eabi/10.2.0/thumb\libgcc.a(unwind-arm.o)
 .text._Unwind_decode_typeinfo_ptr.constprop.0
                0x0000000002008fd0        0xc c:/devkitpro/devkitarm/bin/../lib/gcc/arm-none-eabi/10.2.0/thumb\libgcc.a(unwind-arm.o)
 .text._Unwind_DebugHook
                0x0000000002008fdc        0x4 c:/devkitpro/devkitarm/bin/../lib/gcc/arm-none-eabi/10.2.0/thumb\libgcc.a(unwind-arm.o)
 .text.unwind_phase2
                0x0000000002008fe0       0x40 c:/devkitpro/devkitarm/bin/../lib/gcc/arm-none-eabi/10.2.0/thumb\libgcc.a(unwind-arm.o)
 .text.unwind_phase2_forced
                0x0000000002009020       0xe0 c:/devkitpro/devkitarm/bin/../lib/gcc/arm-none-eabi/10.2.0/thumb\libgcc.a(unwind-arm.o)
 .text.__gnu_Unwind_RaiseException
                0x0000000002009100       0x5c c:/devkitpro/devkitarm/bin/../lib/gcc/arm-none-eabi/10.2.0/thumb\libgcc.a(unwind-arm.o)
                0x0000000002009100                __gnu_Unwind_RaiseException
 .text.__gnu_Unwind_ForcedUnwind
                0x000000000200915c       0x18 c:/devkitpro/devkitarm/bin/../lib/gcc/arm-none-eabi/10.2.0/thumb\libgcc.a(unwind-arm.o)
                0x000000000200915c                __gnu_Unwind_ForcedUnwind
 .text.__gnu_Unwind_Resume
                0x0000000002009174       0x4c c:/devkitpro/devkitarm/bin/../lib/gcc/arm-none-eabi/10.2.0/thumb\libgcc.a(unwind-arm.o)
                0x0000000002009174                __gnu_Unwind_Resume
 .text.__gnu_Unwind_Resume_or_Rethrow
                0x00000000020091c0       0x20 c:/devkitpro/devkitarm/bin/../lib/gcc/arm-none-eabi/10.2.0/thumb\libgcc.a(unwind-arm.o)
                0x00000000020091c0                __gnu_Unwind_Resume_or_Rethrow
 .text._Unwind_Complete
                0x00000000020091e0        0x4 c:/devkitpro/devkitarm/bin/../lib/gcc/arm-none-eabi/10.2.0/thumb\libgcc.a(unwind-arm.o)
                0x00000000020091e0                _Unwind_Complete
 .text._Unwind_DeleteException
                0x00000000020091e4       0x18 c:/devkitpro/devkitarm/bin/../lib/gcc/arm-none-eabi/10.2.0/thumb\libgcc.a(unwind-arm.o)
                0x00000000020091e4                _Unwind_DeleteException
 .text._Unwind_VRS_Get
                0x00000000020091fc       0x38 c:/devkitpro/devkitarm/bin/../lib/gcc/arm-none-eabi/10.2.0/thumb\libgcc.a(unwind-arm.o)
                0x00000000020091fc                _Unwind_VRS_Get
 .text._Unwind_GetGR
                0x0000000002009234       0x1c c:/devkitpro/devkitarm/bin/../lib/gcc/arm-none-eabi/10.2.0/thumb\libgcc.a(unwind-arm.o)
 .text._Unwind_VRS_Set
                0x0000000002009250       0x38 c:/devkitpro/devkitarm/bin/../lib/gcc/arm-none-eabi/10.2.0/thumb\libgcc.a(unwind-arm.o)
                0x0000000002009250                _Unwind_VRS_Set
 .text._Unwind_SetGR
                0x0000000002009288       0x1c c:/devkitpro/devkitarm/bin/../lib/gcc/arm-none-eabi/10.2.0/thumb\libgcc.a(unwind-arm.o)
 .text.__gnu_Unwind_Backtrace
                0x00000000020092a4       0x80 c:/devkitpro/devkitarm/bin/../lib/gcc/arm-none-eabi/10.2.0/thumb\libgcc.a(unwind-arm.o)
                0x00000000020092a4                __gnu_Unwind_Backtrace
 .text.__gnu_unwind_pr_common
                0x0000000002009324      0x2d8 c:/devkitpro/devkitarm/bin/../lib/gcc/arm-none-eabi/10.2.0/thumb\libgcc.a(unwind-arm.o)
 .text.__aeabi_unwind_cpp_pr0
                0x00000000020095fc       0x10 c:/devkitpro/devkitarm/bin/../lib/gcc/arm-none-eabi/10.2.0/thumb\libgcc.a(unwind-arm.o)
                0x00000000020095fc                __aeabi_unwind_cpp_pr0
 .text.__aeabi_unwind_cpp_pr1
                0x000000000200960c       0x10 c:/devkitpro/devkitarm/bin/../lib/gcc/arm-none-eabi/10.2.0/thumb\libgcc.a(unwind-arm.o)
                0x000000000200960c                __aeabi_unwind_cpp_pr1
 .text.__aeabi_unwind_cpp_pr2
                0x000000000200961c       0x10 c:/devkitpro/devkitarm/bin/../lib/gcc/arm-none-eabi/10.2.0/thumb\libgcc.a(unwind-arm.o)
                0x000000000200961c                __aeabi_unwind_cpp_pr2
 .text._Unwind_VRS_Pop
                0x000000000200962c      0x2b8 c:/devkitpro/devkitarm/bin/../lib/gcc/arm-none-eabi/10.2.0/thumb\libgcc.a(unwind-arm.o)
                0x000000000200962c                _Unwind_VRS_Pop
 .text.next_unwind_byte
                0x00000000020098e4       0x34 c:/devkitpro/devkitarm/bin/../lib/gcc/arm-none-eabi/10.2.0/thumb\libgcc.a(pr-support.o)
 .text._Unwind_GetGR.constprop.0
                0x0000000002009918       0x1c c:/devkitpro/devkitarm/bin/../lib/gcc/arm-none-eabi/10.2.0/thumb\libgcc.a(pr-support.o)
 .text.unwind_UCB_from_context
                0x0000000002009934        0xc c:/devkitpro/devkitarm/bin/../lib/gcc/arm-none-eabi/10.2.0/thumb\libgcc.a(pr-support.o)
 .text.__gnu_unwind_execute
                0x0000000002009940      0x2f0 c:/devkitpro/devkitarm/bin/../lib/gcc/arm-none-eabi/10.2.0/thumb\libgcc.a(pr-support.o)
                0x0000000002009940                __gnu_unwind_execute
 .text.__gnu_unwind_frame
                0x0000000002009c30       0x2c c:/devkitpro/devkitarm/bin/../lib/gcc/arm-none-eabi/10.2.0/thumb\libgcc.a(pr-support.o)
                0x0000000002009c30                __gnu_unwind_frame
 .text._Unwind_GetRegionStart
                0x0000000002009c5c       0x10 c:/devkitpro/devkitarm/bin/../lib/gcc/arm-none-eabi/10.2.0/thumb\libgcc.a(pr-support.o)
                0x0000000002009c5c                _Unwind_GetRegionStart
 .text._Unwind_GetLanguageSpecificData
                0x0000000002009c6c       0x18 c:/devkitpro/devkitarm/bin/../lib/gcc/arm-none-eabi/10.2.0/thumb\libgcc.a(pr-support.o)
                0x0000000002009c6c                _Unwind_GetLanguageSpecificData
 .text.unlikely._Unwind_GetDataRelBase
                0x0000000002009c84        0x6 c:/devkitpro/devkitarm/bin/../lib/gcc/arm-none-eabi/10.2.0/thumb\libgcc.a(pr-support.o)
                0x0000000002009c84                _Unwind_GetDataRelBase
 .text.unlikely._Unwind_GetTextRelBase
                0x0000000002009c8a        0x6 c:/devkitpro/devkitarm/bin/../lib/gcc/arm-none-eabi/10.2.0/thumb\libgcc.a(pr-support.o)
                0x0000000002009c8a                _Unwind_GetTextRelBase
 .text.abort    0x0000000002009c90       0x10 c:/devkitpro/devkitarm/bin/../lib/gcc/arm-none-eabi/10.2.0/../../../../arm-none-eabi/lib/thumb\libg.a(lib_a-abort.o)
                0x0000000002009c90                abort
 .text._fclose_r
                0x0000000002009ca0       0xe8 c:/devkitpro/devkitarm/bin/../lib/gcc/arm-none-eabi/10.2.0/../../../../arm-none-eabi/lib/thumb\libg.a(lib_a-fclose.o)
                0x0000000002009ca0                _fclose_r
 .text.fclose   0x0000000002009d88       0x14 c:/devkitpro/devkitarm/bin/../lib/gcc/arm-none-eabi/10.2.0/../../../../arm-none-eabi/lib/thumb\libg.a(lib_a-fclose.o)
                0x0000000002009d88                fclose
 .text.__sflush_r
                0x0000000002009d9c      0x1c0 c:/devkitpro/devkitarm/bin/../lib/gcc/arm-none-eabi/10.2.0/../../../../arm-none-eabi/lib/thumb\libg.a(lib_a-fflush.o)
                0x0000000002009d9c                __sflush_r
 .text._fflush_r
                0x0000000002009f5c       0x70 c:/devkitpro/devkitarm/bin/../lib/gcc/arm-none-eabi/10.2.0/../../../../arm-none-eabi/lib/thumb\libg.a(lib_a-fflush.o)
                0x0000000002009f5c                _fflush_r
 .text.fflush   0x0000000002009fcc       0x2c c:/devkitpro/devkitarm/bin/../lib/gcc/arm-none-eabi/10.2.0/../../../../arm-none-eabi/lib/thumb\libg.a(lib_a-fflush.o)
                0x0000000002009fcc                fflush
 .text._cleanup_r
                0x0000000002009ff8       0x14 c:/devkitpro/devkitarm/bin/../lib/gcc/arm-none-eabi/10.2.0/../../../../arm-none-eabi/lib/thumb\libg.a(lib_a-findfp.o)
                0x0000000002009ff8                _cleanup_r
 .text.__sinit  0x000000000200a00c      0x124 c:/devkitpro/devkitarm/bin/../lib/gcc/arm-none-eabi/10.2.0/../../../../arm-none-eabi/lib/thumb\libg.a(lib_a-findfp.o)
                0x000000000200a00c                __sinit
 .text.__sfp    0x000000000200a130       0xdc c:/devkitpro/devkitarm/bin/../lib/gcc/arm-none-eabi/10.2.0/../../../../arm-none-eabi/lib/thumb\libg.a(lib_a-findfp.o)
                0x000000000200a130                __sfp
 .text.__sfp_lock_acquire
                0x000000000200a20c       0x14 c:/devkitpro/devkitarm/bin/../lib/gcc/arm-none-eabi/10.2.0/../../../../arm-none-eabi/lib/thumb\libg.a(lib_a-findfp.o)
                0x000000000200a20c                __sfp_lock_acquire
 .text.__sfp_lock_release
                0x000000000200a220       0x14 c:/devkitpro/devkitarm/bin/../lib/gcc/arm-none-eabi/10.2.0/../../../../arm-none-eabi/lib/thumb\libg.a(lib_a-findfp.o)
                0x000000000200a220                __sfp_lock_release
 .text._fopen_r
                0x000000000200a234       0xb8 c:/devkitpro/devkitarm/bin/../lib/gcc/arm-none-eabi/10.2.0/../../../../arm-none-eabi/lib/thumb\libg.a(lib_a-fopen.o)
                0x000000000200a234                _fopen_r
 .text.fopen    0x000000000200a2ec       0x18 c:/devkitpro/devkitarm/bin/../lib/gcc/arm-none-eabi/10.2.0/../../../../arm-none-eabi/lib/thumb\libg.a(lib_a-fopen.o)
                0x000000000200a2ec                fopen
 .text._fread_r
                0x000000000200a304      0x1f0 c:/devkitpro/devkitarm/bin/../lib/gcc/arm-none-eabi/10.2.0/../../../../arm-none-eabi/lib/thumb\libg.a(lib_a-fread.o)
                0x000000000200a304                _fread_r
 .text.fread    0x000000000200a4f4       0x24 c:/devkitpro/devkitarm/bin/../lib/gcc/arm-none-eabi/10.2.0/../../../../arm-none-eabi/lib/thumb\libg.a(lib_a-fread.o)
                0x000000000200a4f4                fread
 .text._malloc_trim_r
                0x000000000200a518       0xa0 c:/devkitpro/devkitarm/bin/../lib/gcc/arm-none-eabi/10.2.0/../../../../arm-none-eabi/lib/thumb\libg.a(lib_a-freer.o)
                0x000000000200a518                _malloc_trim_r
 .text._free_r  0x000000000200a5b8      0x1e0 c:/devkitpro/devkitarm/bin/../lib/gcc/arm-none-eabi/10.2.0/../../../../arm-none-eabi/lib/thumb\libg.a(lib_a-freer.o)
                0x000000000200a5b8                _free_r
 .text._fseek_r
                0x000000000200a798       0x18 c:/devkitpro/devkitarm/bin/../lib/gcc/arm-none-eabi/10.2.0/../../../../arm-none-eabi/lib/thumb\libg.a(lib_a-fseek.o)
                0x000000000200a798                _fseek_r
 .text.fseek    0x000000000200a7b0       0x24 c:/devkitpro/devkitarm/bin/../lib/gcc/arm-none-eabi/10.2.0/../../../../arm-none-eabi/lib/thumb\libg.a(lib_a-fseek.o)
                0x000000000200a7b0                fseek
 .text._fseeko_r
                0x000000000200a7d4      0x39c c:/devkitpro/devkitarm/bin/../lib/gcc/arm-none-eabi/10.2.0/../../../../arm-none-eabi/lib/thumb\libg.a(lib_a-fseeko.o)
                0x000000000200a7d4                _fseeko_r
 .text._ftello_r
                0x000000000200ab70      0x118 c:/devkitpro/devkitarm/bin/../lib/gcc/arm-none-eabi/10.2.0/../../../../arm-none-eabi/lib/thumb\libg.a(lib_a-ftello.o)
                0x000000000200ab70                _ftello_r
 .text._fwalk   0x000000000200ac88       0x48 c:/devkitpro/devkitarm/bin/../lib/gcc/arm-none-eabi/10.2.0/../../../../arm-none-eabi/lib/thumb\libg.a(lib_a-fwalk.o)
                0x000000000200ac88                _fwalk
 .text._fwalk_reent
                0x000000000200acd0       0x50 c:/devkitpro/devkitarm/bin/../lib/gcc/arm-none-eabi/10.2.0/../../../../arm-none-eabi/lib/thumb\libg.a(lib_a-fwalk.o)
                0x000000000200acd0                _fwalk_reent
 .text.__libc_init_array
                0x000000000200ad20       0x50 c:/devkitpro/devkitarm/bin/../lib/gcc/arm-none-eabi/10.2.0/../../../../arm-none-eabi/lib/thumb\libg.a(lib_a-init.o)
                0x000000000200ad20                __libc_init_array
 .text.iprintf  0x000000000200ad70       0x24 c:/devkitpro/devkitarm/bin/../lib/gcc/arm-none-eabi/10.2.0/../../../../arm-none-eabi/lib/thumb\libg.a(lib_a-iprintf.o)
                0x000000000200ad70                iprintf
 .text.isspace  0x000000000200ad94       0x10 c:/devkitpro/devkitarm/bin/../lib/gcc/arm-none-eabi/10.2.0/../../../../arm-none-eabi/lib/thumb\libg.a(lib_a-isspace.o)
                0x000000000200ad94                isspace
 .text.__smakebuf_r
                0x000000000200ada4       0xec c:/devkitpro/devkitarm/bin/../lib/gcc/arm-none-eabi/10.2.0/../../../../arm-none-eabi/lib/thumb\libg.a(lib_a-makebuf.o)
                0x000000000200ada4                __smakebuf_r
 .text.__swhatbuf_r
                0x000000000200ae90       0x64 c:/devkitpro/devkitarm/bin/../lib/gcc/arm-none-eabi/10.2.0/../../../../arm-none-eabi/lib/thumb\libg.a(lib_a-makebuf.o)
                0x000000000200ae90                __swhatbuf_r
 .text.malloc   0x000000000200aef4       0x14 c:/devkitpro/devkitarm/bin/../lib/gcc/arm-none-eabi/10.2.0/../../../../arm-none-eabi/lib/thumb\libg.a(lib_a-malloc.o)
                0x000000000200aef4                malloc
 .text.free     0x000000000200af08       0x14 c:/devkitpro/devkitarm/bin/../lib/gcc/arm-none-eabi/10.2.0/../../../../arm-none-eabi/lib/thumb\libg.a(lib_a-malloc.o)
                0x000000000200af08                free
 .text._malloc_r
                0x000000000200af1c      0x59c c:/devkitpro/devkitarm/bin/../lib/gcc/arm-none-eabi/10.2.0/../../../../arm-none-eabi/lib/thumb\libg.a(lib_a-mallocr.o)
                0x000000000200af1c                _malloc_r
 .text.memchr   0x000000000200b4b8       0x78 c:/devkitpro/devkitarm/bin/../lib/gcc/arm-none-eabi/10.2.0/../../../../arm-none-eabi/lib/thumb\libg.a(lib_a-memchr-stub.o)
                0x000000000200b4b8                memchr
 .text.memcpy   0x000000000200b530       0xa8 c:/devkitpro/devkitarm/bin/../lib/gcc/arm-none-eabi/10.2.0/../../../../arm-none-eabi/lib/thumb\libg.a(lib_a-memcpy-stub.o)
                0x000000000200b530                memcpy
 .text.memmove  0x000000000200b5d8       0xbc c:/devkitpro/devkitarm/bin/../lib/gcc/arm-none-eabi/10.2.0/../../../../arm-none-eabi/lib/thumb\libg.a(lib_a-memmove.o)
                0x000000000200b5d8                memmove
 .text.memset   0x000000000200b694       0xb0 c:/devkitpro/devkitarm/bin/../lib/gcc/arm-none-eabi/10.2.0/../../../../arm-none-eabi/lib/thumb\libg.a(lib_a-memset.o)
                0x000000000200b694                memset
 .text.__malloc_lock
                0x000000000200b744       0x14 c:/devkitpro/devkitarm/bin/../lib/gcc/arm-none-eabi/10.2.0/../../../../arm-none-eabi/lib/thumb\libg.a(lib_a-mlock.o)
                0x000000000200b744                __malloc_lock
 .text.__malloc_unlock
                0x000000000200b758       0x14 c:/devkitpro/devkitarm/bin/../lib/gcc/arm-none-eabi/10.2.0/../../../../arm-none-eabi/lib/thumb\libg.a(lib_a-mlock.o)
                0x000000000200b758                __malloc_unlock
 .text.realloc  0x000000000200b76c       0x18 c:/devkitpro/devkitarm/bin/../lib/gcc/arm-none-eabi/10.2.0/../../../../arm-none-eabi/lib/thumb\libg.a(lib_a-realloc.o)
                0x000000000200b76c                realloc
 .text._realloc_r
                0x000000000200b784      0x38c c:/devkitpro/devkitarm/bin/../lib/gcc/arm-none-eabi/10.2.0/../../../../arm-none-eabi/lib/thumb\libg.a(lib_a-reallocr.o)
                0x000000000200b784                _realloc_r
 .text.lflush   0x000000000200bb10       0x20 c:/devkitpro/devkitarm/bin/../lib/gcc/arm-none-eabi/10.2.0/../../../../arm-none-eabi/lib/thumb\libg.a(lib_a-refill.o)
 .text.__srefill_r
                0x000000000200bb30      0x118 c:/devkitpro/devkitarm/bin/../lib/gcc/arm-none-eabi/10.2.0/../../../../arm-none-eabi/lib/thumb\libg.a(lib_a-refill.o)
                0x000000000200bb30                __srefill_r
 .text.setvbuf  0x000000000200bc48      0x1ac c:/devkitpro/devkitarm/bin/../lib/gcc/arm-none-eabi/10.2.0/../../../../arm-none-eabi/lib/thumb\libg.a(lib_a-setvbuf.o)
                0x000000000200bc48                setvbuf
 .text._raise_r
                0x000000000200bdf4       0x64 c:/devkitpro/devkitarm/bin/../lib/gcc/arm-none-eabi/10.2.0/../../../../arm-none-eabi/lib/thumb\libg.a(lib_a-signal.o)
                0x000000000200bdf4                _raise_r
 .text.raise    0x000000000200be58       0x14 c:/devkitpro/devkitarm/bin/../lib/gcc/arm-none-eabi/10.2.0/../../../../arm-none-eabi/lib/thumb\libg.a(lib_a-signal.o)
                0x000000000200be58                raise
 .text.siscanf  0x000000000200be6c       0x4c c:/devkitpro/devkitarm/bin/../lib/gcc/arm-none-eabi/10.2.0/../../../../arm-none-eabi/lib/thumb\libg.a(lib_a-siscanf.o)
                0x000000000200be6c                siscanf
 .text.__sread  0x000000000200beb8       0x34 c:/devkitpro/devkitarm/bin/../lib/gcc/arm-none-eabi/10.2.0/../../../../arm-none-eabi/lib/thumb\libg.a(lib_a-stdio.o)
                0x000000000200beb8                __sread
 .text.__seofread
                0x000000000200beec        0x4 c:/devkitpro/devkitarm/bin/../lib/gcc/arm-none-eabi/10.2.0/../../../../arm-none-eabi/lib/thumb\libg.a(lib_a-stdio.o)
                0x000000000200beec                __seofread
 .text.__swrite
                0x000000000200bef0       0x54 c:/devkitpro/devkitarm/bin/../lib/gcc/arm-none-eabi/10.2.0/../../../../arm-none-eabi/lib/thumb\libg.a(lib_a-stdio.o)
                0x000000000200bef0                __swrite
 .text.__sseek  0x000000000200bf44       0x40 c:/devkitpro/devkitarm/bin/../lib/gcc/arm-none-eabi/10.2.0/../../../../arm-none-eabi/lib/thumb\libg.a(lib_a-stdio.o)
                0x000000000200bf44                __sseek
 .text.__sclose
                0x000000000200bf84       0x10 c:/devkitpro/devkitarm/bin/../lib/gcc/arm-none-eabi/10.2.0/../../../../arm-none-eabi/lib/thumb\libg.a(lib_a-stdio.o)
                0x000000000200bf84                __sclose
 .text.strlen   0x000000000200bf94       0x60 c:/devkitpro/devkitarm/bin/../lib/gcc/arm-none-eabi/10.2.0/../../../../arm-none-eabi/lib/thumb\libg.a(lib_a-strlen-stub.o)
                0x000000000200bf94                strlen
 .text._strtoul_l.constprop.0
                0x000000000200bff4      0x148 c:/devkitpro/devkitarm/bin/../lib/gcc/arm-none-eabi/10.2.0/../../../../arm-none-eabi/lib/thumb\libg.a(lib_a-strtoul.o)
 .text._strtoul_r
                0x000000000200c13c        0xc c:/devkitpro/devkitarm/bin/../lib/gcc/arm-none-eabi/10.2.0/../../../../arm-none-eabi/lib/thumb\libg.a(lib_a-strtoul.o)
                0x000000000200c13c                _strtoul_r
 .text.get_arg  0x000000000200c148       0x32 c:/devkitpro/devkitarm/bin/../lib/gcc/arm-none-eabi/10.2.0/../../../../arm-none-eabi/lib/thumb\libg.a(lib_a-svfiscanf.o)
 .text._sungetc_r
                0x000000000200c17a       0x7e c:/devkitpro/devkitarm/bin/../lib/gcc/arm-none-eabi/10.2.0/../../../../arm-none-eabi/lib/thumb\libg.a(lib_a-svfiscanf.o)
                0x000000000200c17a                _sungetc_r
 .text.__ssrefill_r
                0x000000000200c1f8       0x42 c:/devkitpro/devkitarm/bin/../lib/gcc/arm-none-eabi/10.2.0/../../../../arm-none-eabi/lib/thumb\libg.a(lib_a-svfiscanf.o)
                0x000000000200c1f8                __ssrefill_r
 .text._sfread_r
                0x000000000200c23a       0x8a c:/devkitpro/devkitarm/bin/../lib/gcc/arm-none-eabi/10.2.0/../../../../arm-none-eabi/lib/thumb\libg.a(lib_a-svfiscanf.o)
                0x000000000200c23a                _sfread_r
 .text.__ssvfiscanf_r
                0x000000000200c2c4     0x1b6c c:/devkitpro/devkitarm/bin/../lib/gcc/arm-none-eabi/10.2.0/../../../../arm-none-eabi/lib/thumb\libg.a(lib_a-svfiscanf.o)
                0x000000000200c2c4                __ssvfiscanf_r
 .text.tolower  0x000000000200de30       0x14 c:/devkitpro/devkitarm/bin/../lib/gcc/arm-none-eabi/10.2.0/../../../../arm-none-eabi/lib/thumb\libg.a(lib_a-tolower.o)
                0x000000000200de30                tolower
 .text.__submore
                0x000000000200de44       0x88 c:/devkitpro/devkitarm/bin/../lib/gcc/arm-none-eabi/10.2.0/../../../../arm-none-eabi/lib/thumb\libg.a(lib_a-ungetc.o)
                0x000000000200de44                __submore
 .text.get_arg  0x000000000200decc      0x3f0 c:/devkitpro/devkitarm/bin/../lib/gcc/arm-none-eabi/10.2.0/../../../../arm-none-eabi/lib/thumb\libg.a(lib_a-vfiprintf.o)
 .text.__sprint_r
                0x000000000200e2bc       0x20 c:/devkitpro/devkitarm/bin/../lib/gcc/arm-none-eabi/10.2.0/../../../../arm-none-eabi/lib/thumb\libg.a(lib_a-vfiprintf.o)
                0x000000000200e2bc                __sprint_r
 .text._vfiprintf_r
                0x000000000200e2dc     0x1800 c:/devkitpro/devkitarm/bin/../lib/gcc/arm-none-eabi/10.2.0/../../../../arm-none-eabi/lib/thumb\libg.a(lib_a-vfiprintf.o)
                0x000000000200e2dc                _vfiprintf_r
 .text.__sbprintf
                0x000000000200fadc       0x8c c:/devkitpro/devkitarm/bin/../lib/gcc/arm-none-eabi/10.2.0/../../../../arm-none-eabi/lib/thumb\libg.a(lib_a-vfiprintf.o)
 .text.viprintf
                0x000000000200fb68       0x1c c:/devkitpro/devkitarm/bin/../lib/gcc/arm-none-eabi/10.2.0/../../../../arm-none-eabi/lib/thumb\libg.a(lib_a-viprintf.o)
                0x000000000200fb68                viprintf
 .text._wcrtomb_r
                0x000000000200fb84       0x5c c:/devkitpro/devkitarm/bin/../lib/gcc/arm-none-eabi/10.2.0/../../../../arm-none-eabi/lib/thumb\libg.a(lib_a-wcrtomb.o)
                0x000000000200fb84                _wcrtomb_r
 .text._wcsrtombs_r
                0x000000000200fbe0       0x1c c:/devkitpro/devkitarm/bin/../lib/gcc/arm-none-eabi/10.2.0/../../../../arm-none-eabi/lib/thumb\libg.a(lib_a-wcsrtombs.o)
                0x000000000200fbe0                _wcsrtombs_r
 .text.__swsetup_r
                0x000000000200fbfc       0xe4 c:/devkitpro/devkitarm/bin/../lib/gcc/arm-none-eabi/10.2.0/../../../../arm-none-eabi/lib/thumb\libg.a(lib_a-wsetup.o)
                0x000000000200fbfc                __swsetup_r
 .text.__sflags
                0x000000000200fce0       0xa4 c:/devkitpro/devkitarm/bin/../lib/gcc/arm-none-eabi/10.2.0/../../../../arm-none-eabi/lib/thumb\libg.a(lib_a-flags.o)
                0x000000000200fce0                __sflags
 .text.__sfvwrite_r
                0x000000000200fd84      0x324 c:/devkitpro/devkitarm/bin/../lib/gcc/arm-none-eabi/10.2.0/../../../../arm-none-eabi/lib/thumb\libg.a(lib_a-fvwrite.o)
                0x000000000200fd84                __sfvwrite_r
 .text.iswspace
                0x00000000020100a8       0x10 c:/devkitpro/devkitarm/bin/../lib/gcc/arm-none-eabi/10.2.0/../../../../arm-none-eabi/lib/thumb\libg.a(lib_a-iswspace.o)
                0x00000000020100a8                iswspace
 .text._localeconv_r
                0x00000000020100b8        0x8 c:/devkitpro/devkitarm/bin/../lib/gcc/arm-none-eabi/10.2.0/../../../../arm-none-eabi/lib/thumb\libg.a(lib_a-localeconv.o)
                0x00000000020100b8                _localeconv_r
 .text.__locale_mb_cur_max
                0x00000000020100c0       0x10 c:/devkitpro/devkitarm/bin/../lib/gcc/arm-none-eabi/10.2.0/../../../../arm-none-eabi/lib/thumb\libg.a(lib_a-locale.o)
                0x00000000020100c0                __locale_mb_cur_max
 .text._mbrtowc_r
                0x00000000020100d0       0x60 c:/devkitpro/devkitarm/bin/../lib/gcc/arm-none-eabi/10.2.0/../../../../arm-none-eabi/lib/thumb\libg.a(lib_a-mbrtowc.o)
                0x00000000020100d0                _mbrtowc_r
 .text.__utf8_mbtowc
                0x0000000002010130      0x280 c:/devkitpro/devkitarm/bin/../lib/gcc/arm-none-eabi/10.2.0/../../../../arm-none-eabi/lib/thumb\libg.a(lib_a-mbtowc_r.o)
                0x0000000002010130                __utf8_mbtowc
 .text.__sccl   0x00000000020103b0       0x90 c:/devkitpro/devkitarm/bin/../lib/gcc/arm-none-eabi/10.2.0/../../../../arm-none-eabi/lib/thumb\libg.a(lib_a-sccl.o)
                0x00000000020103b0                __sccl
 .text.strchr   0x0000000002010440       0xc8 c:/devkitpro/devkitarm/bin/../lib/gcc/arm-none-eabi/10.2.0/../../../../arm-none-eabi/lib/thumb\libg.a(lib_a-strchr.o)
                0x0000000002010440                strchr
 .text.strncmp  0x0000000002010508       0x78 c:/devkitpro/devkitarm/bin/../lib/gcc/arm-none-eabi/10.2.0/../../../../arm-none-eabi/lib/thumb\libg.a(lib_a-strncmp.o)
                0x0000000002010508                strncmp
 .text.strncpy  0x0000000002010580       0x74 c:/devkitpro/devkitarm/bin/../lib/gcc/arm-none-eabi/10.2.0/../../../../arm-none-eabi/lib/thumb\libg.a(lib_a-strncpy.o)
                0x0000000002010580                strncpy
 .text._strtoll_l.constprop.0
                0x00000000020105f4      0x1ac c:/devkitpro/devkitarm/bin/../lib/gcc/arm-none-eabi/10.2.0/../../../../arm-none-eabi/lib/thumb\libg.a(lib_a-strtoll.o)
 .text._strtoll_r
                0x00000000020107a0        0xc c:/devkitpro/devkitarm/bin/../lib/gcc/arm-none-eabi/10.2.0/../../../../arm-none-eabi/lib/thumb\libg.a(lib_a-strtoll.o)
                0x00000000020107a0                _strtoll_r
 .text._strtol_l.part.0
                0x00000000020107ac      0x150 c:/devkitpro/devkitarm/bin/../lib/gcc/arm-none-eabi/10.2.0/../../../../arm-none-eabi/lib/thumb\libg.a(lib_a-strtol.o)
 .text._strtol_r
                0x00000000020108fc       0x20 c:/devkitpro/devkitarm/bin/../lib/gcc/arm-none-eabi/10.2.0/../../../../arm-none-eabi/lib/thumb\libg.a(lib_a-strtol.o)
                0x00000000020108fc                _strtol_r
 .text._strtoull_l.constprop.0
                0x000000000201091c      0x1c8 c:/devkitpro/devkitarm/bin/../lib/gcc/arm-none-eabi/10.2.0/../../../../arm-none-eabi/lib/thumb\libg.a(lib_a-strtoull.o)
 .text._strtoull_r
                0x0000000002010ae4        0xc c:/devkitpro/devkitarm/bin/../lib/gcc/arm-none-eabi/10.2.0/../../../../arm-none-eabi/lib/thumb\libg.a(lib_a-strtoull.o)
                0x0000000002010ae4                _strtoull_r
 .text._wcsnrtombs_l
                0x0000000002010af0      0x138 c:/devkitpro/devkitarm/bin/../lib/gcc/arm-none-eabi/10.2.0/../../../../arm-none-eabi/lib/thumb\libg.a(lib_a-wcsnrtombs.o)
                0x0000000002010af0                _wcsnrtombs_l
 .text._wcsnrtombs_r
                0x0000000002010c28       0x30 c:/devkitpro/devkitarm/bin/../lib/gcc/arm-none-eabi/10.2.0/../../../../arm-none-eabi/lib/thumb\libg.a(lib_a-wcsnrtombs.o)
                0x0000000002010c28                _wcsnrtombs_r
 .text.__utf8_wctomb
                0x0000000002010c58       0xb4 c:/devkitpro/devkitarm/bin/../lib/gcc/arm-none-eabi/10.2.0/../../../../arm-none-eabi/lib/thumb\libg.a(lib_a-wctomb_r.o)
                0x0000000002010c58                __utf8_wctomb
 .text.__errno  0x0000000002010d0c        0xc c:/devkitpro/devkitarm/bin/../lib/gcc/arm-none-eabi/10.2.0/../../../../arm-none-eabi/lib/thumb\libg.a(lib_a-errno.o)
                0x0000000002010d0c                __errno
 .text.iswspace_l
                0x0000000002010d18       0x2c c:/devkitpro/devkitarm/bin/../lib/gcc/arm-none-eabi/10.2.0/../../../../arm-none-eabi/lib/thumb\libg.a(lib_a-iswspace_l.o)
                0x0000000002010d18                iswspace_l
 .text.__jp2uc  0x0000000002010d44      0x164 c:/devkitpro/devkitarm/bin/../lib/gcc/arm-none-eabi/10.2.0/../../../../arm-none-eabi/lib/thumb\libg.a(lib_a-jp2uc.o)
 .text._jp2uc_l
                0x0000000002010ea8       0x6c c:/devkitpro/devkitarm/bin/../lib/gcc/arm-none-eabi/10.2.0/../../../../arm-none-eabi/lib/thumb\libg.a(lib_a-jp2uc.o)
                0x0000000002010ea8                _jp2uc_l
 .text.category
                0x0000000002010f14       0x54 c:/devkitpro/devkitarm/bin/../lib/gcc/arm-none-eabi/10.2.0/../../../../arm-none-eabi/lib/thumb\libg.a(lib_a-categories.o)
                0x0000000002010f14                category
 .text.null_write
                0x0000000002010f68        0x4 c:/devkitpro/devkitarm/bin/../lib/gcc/arm-none-eabi/10.2.0/../../../../arm-none-eabi/lib/thumb\libsysbase.a(iosupport.o)
 .text.FindDevice
                0x0000000002010f6c       0x98 c:/devkitpro/devkitarm/bin/../lib/gcc/arm-none-eabi/10.2.0/../../../../arm-none-eabi/lib/thumb\libsysbase.a(iosupport.o)
                0x0000000002010f6c                FindDevice
 .text._fstat_r
                0x0000000002011004       0x4c c:/devkitpro/devkitarm/bin/../lib/gcc/arm-none-eabi/10.2.0/../../../../arm-none-eabi/lib/thumb\libsysbase.a(fstat.o)
                0x0000000002011004                _fstat_r
 .text._getpid_r
                0x0000000002011050        0xc c:/devkitpro/devkitarm/bin/../lib/gcc/arm-none-eabi/10.2.0/../../../../arm-none-eabi/lib/thumb\libsysbase.a(getpid.o)
                0x0000000002011050                _getpid_r
 .text._isatty_r
                0x000000000201105c        0x4 c:/devkitpro/devkitarm/bin/../lib/gcc/arm-none-eabi/10.2.0/../../../../arm-none-eabi/lib/thumb\libsysbase.a(isatty.o)
                0x000000000201105c                _isatty_r
 .text._kill_r  0x0000000002011060        0xc c:/devkitpro/devkitarm/bin/../lib/gcc/arm-none-eabi/10.2.0/../../../../arm-none-eabi/lib/thumb\libsysbase.a(kill.o)
                0x0000000002011060                _kill_r
 .text._lseek_r
                0x000000000201106c       0x5c c:/devkitpro/devkitarm/bin/../lib/gcc/arm-none-eabi/10.2.0/../../../../arm-none-eabi/lib/thumb\libsysbase.a(lseek.o)
                0x000000000201106c                _lseek_r
 .text._open_r  0x00000000020110c8       0x9c c:/devkitpro/devkitarm/bin/../lib/gcc/arm-none-eabi/10.2.0/../../../../arm-none-eabi/lib/thumb\libsysbase.a(open.o)
                0x00000000020110c8                _open_r
 .text._read_r  0x0000000002011164       0x50 c:/devkitpro/devkitarm/bin/../lib/gcc/arm-none-eabi/10.2.0/../../../../arm-none-eabi/lib/thumb\libsysbase.a(read.o)
                0x0000000002011164                _read_r
 .text._sbrk_r  0x00000000020111b4       0x54 c:/devkitpro/devkitarm/bin/../lib/gcc/arm-none-eabi/10.2.0/../../../../arm-none-eabi/lib/thumb\libsysbase.a(sbrk.o)
                0x00000000020111b4                _sbrk_r
 .text._write_r
                0x0000000002011208       0x50 c:/devkitpro/devkitarm/bin/../lib/gcc/arm-none-eabi/10.2.0/../../../../arm-none-eabi/lib/thumb\libsysbase.a(write.o)
                0x0000000002011208                _write_r
 .text._exit    0x0000000002011258       0x18 c:/devkitpro/devkitarm/bin/../lib/gcc/arm-none-eabi/10.2.0/../../../../arm-none-eabi/lib/thumb\libsysbase.a(_exit.o)
                0x0000000002011258                _exit
 .text.build_argv
                0x0000000002011270       0x4c c:/devkitpro/devkitarm/bin/../lib/gcc/arm-none-eabi/10.2.0/../../../../arm-none-eabi/lib/thumb\libsysbase.a(build_argv.o)
                0x0000000002011270                build_argv
 .text.__flockfile
                0x00000000020112bc       0x10 c:/devkitpro/devkitarm/bin/../lib/gcc/arm-none-eabi/10.2.0/../../../../arm-none-eabi/lib/thumb\libsysbase.a(flock.o)
                0x00000000020112bc                __flockfile
 .text.__funlockfile
                0x00000000020112cc       0x10 c:/devkitpro/devkitarm/bin/../lib/gcc/arm-none-eabi/10.2.0/../../../../arm-none-eabi/lib/thumb\libsysbase.a(flock.o)
                0x00000000020112cc                __funlockfile
 .text.__libc_lock_acquire
                0x00000000020112dc       0x1c c:/devkitpro/devkitarm/bin/../lib/gcc/arm-none-eabi/10.2.0/../../../../arm-none-eabi/lib/thumb\libsysbase.a(syscall_support.o)
                0x00000000020112dc                __libc_lock_acquire
 .text.__libc_lock_release
                0x00000000020112f8       0x1c c:/devkitpro/devkitarm/bin/../lib/gcc/arm-none-eabi/10.2.0/../../../../arm-none-eabi/lib/thumb\libsysbase.a(syscall_support.o)
                0x00000000020112f8                __libc_lock_release
 .text.__libc_lock_init_recursive
                0x0000000002011314       0x1c c:/devkitpro/devkitarm/bin/../lib/gcc/arm-none-eabi/10.2.0/../../../../arm-none-eabi/lib/thumb\libsysbase.a(syscall_support.o)
                0x0000000002011314                __libc_lock_init_recursive
 .text.__libc_lock_acquire_recursive
                0x0000000002011330       0x1c c:/devkitpro/devkitarm/bin/../lib/gcc/arm-none-eabi/10.2.0/../../../../arm-none-eabi/lib/thumb\libsysbase.a(syscall_support.o)
                0x0000000002011330                __libc_lock_acquire_recursive
 .text.__libc_lock_release_recursive
                0x000000000201134c       0x1c c:/devkitpro/devkitarm/bin/../lib/gcc/arm-none-eabi/10.2.0/../../../../arm-none-eabi/lib/thumb\libsysbase.a(syscall_support.o)
                0x000000000201134c                __libc_lock_release_recursive
 .text.__libc_lock_close_recursive
                0x0000000002011368       0x1c c:/devkitpro/devkitarm/bin/../lib/gcc/arm-none-eabi/10.2.0/../../../../arm-none-eabi/lib/thumb\libsysbase.a(syscall_support.o)
                0x0000000002011368                __libc_lock_close_recursive
 .text.__release_handle
                0x0000000002011384       0x68 c:/devkitpro/devkitarm/bin/../lib/gcc/arm-none-eabi/10.2.0/../../../../arm-none-eabi/lib/thumb\libsysbase.a(handle_manager.o)
                0x0000000002011384                __release_handle
 .text.__alloc_handle
                0x00000000020113ec       0x80 c:/devkitpro/devkitarm/bin/../lib/gcc/arm-none-eabi/10.2.0/../../../../arm-none-eabi/lib/thumb\libsysbase.a(handle_manager.o)
                0x00000000020113ec                __alloc_handle
 .text.__get_handle
                0x000000000201146c       0x34 c:/devkitpro/devkitarm/bin/../lib/gcc/arm-none-eabi/10.2.0/../../../../arm-none-eabi/lib/thumb\libsysbase.a(handle_manager.o)
                0x000000000201146c                __get_handle
 .text._close_r
                0x00000000020114a0       0xb8 c:/devkitpro/devkitarm/bin/../lib/gcc/arm-none-eabi/10.2.0/../../../../arm-none-eabi/lib/thumb\libsysbase.a(handle_manager.o)
                0x00000000020114a0                _close_r
 .text.__getreent
                0x0000000002011558       0x28 c:/devkitpro/devkitarm/bin/../lib/gcc/arm-none-eabi/10.2.0/../../../../arm-none-eabi/lib/thumb\libsysbase.a(getreent.o)
                0x0000000002011558                __getreent
 .text.__muldi3
                0x0000000002011580       0x54 c:/devkitpro/devkitarm/bin/../lib/gcc/arm-none-eabi/10.2.0/thumb\libgcc.a(_muldi3.o)
                0x0000000002011580                __muldi3
                0x0000000002011580                __aeabi_lmul
 .text.__udivmoddi4
                0x00000000020115d4      0x19c c:/devkitpro/devkitarm/bin/../lib/gcc/arm-none-eabi/10.2.0/thumb\libgcc.a(_udivmoddi4.o)
                0x00000000020115d4                __udivmoddi4
 .text.__udivmoddi4.__stub
                0x0000000002011770      0x138 linker stubs
 *(EXCLUDE_FILE(*.twl*) .gnu.warning)
 *(EXCLUDE_FILE(*.twl*) .gnu.linkonce.t*)
 *(.glue_7)
 .glue_7        0x00000000020118b8        0x0 linker stubs
 *(.glue_7t)
 .glue_7t       0x00000000020118b8        0x0 linker stubs
                0x00000000020118b8                . = ALIGN (0x4)

.vfp11_veneer   0x00000000020118b8        0x0
 .vfp11_veneer  0x00000000020118b8        0x0 linker stubs

.v4_bx          0x00000000020118b8        0x0
 .v4_bx         0x00000000020118b8        0x0 linker stubs

.iplt           0x00000000020118b8        0x0
 .iplt          0x00000000020118b8        0x0 c:/devkitpro/devkitarm/bin/../lib/gcc/arm-none-eabi/10.2.0/../../../../arm-none-eabi/lib/thumb/ds_arm9_crt0.o

.fini           0x00000000020118b8        0xc
 *(.fini)
 .fini          0x00000000020118b8        0x4 c:/devkitpro/devkitarm/bin/../lib/gcc/arm-none-eabi/10.2.0/thumb/crti.o
                0x00000000020118b8                _fini
 .fini          0x00000000020118bc        0x8 c:/devkitpro/devkitarm/bin/../lib/gcc/arm-none-eabi/10.2.0/thumb/crtn.o
                0x00000000020118c4                __text_end = .

.rodata         0x00000000020118e0    0x56054
 *(EXCLUDE_FILE(*.twl*) .rodata)
 .rodata        0x00000000020118e0    0x18000 BG1.o
                0x00000000020118e0                BG1Bitmap
 .rodata        0x00000000020298e0    0x18000 BG2.o
                0x00000000020298e0                BG2Bitmap
 .rodata        0x00000000020418e0    0x18000 Sfondosub1.o
                0x00000000020418e0                Sfondosub1Bitmap
 .rodata        0x00000000020598e0     0x1a20 TestVert3.o
                0x00000000020598e0                TestVert3Tiles
                0x000000000205b2e0                TestVert3Pal
 .rodata        0x000000000205b300     0x1020 ufo.o
                0x000000000205b300                ufoTiles
                0x000000000205c300                ufoPal
 *all.rodata*(*)
 *(EXCLUDE_FILE(*.twl*) .roda)
 *(EXCLUDE_FILE(*.twl*) .rodata.*)
 .rodata.soundbank_bin
                0x000000000205c320     0x1ee0 soundbank.bin.o
                0x000000000205c320                soundbank_bin
                0x000000000205e200                soundbank_bin_end
 .rodata.str1.4
                0x000000000205e200      0x5be main.o
 *fill*         0x000000000205e7be        0x2 ff
 .rodata._ZNSt6vectorIiSaIiEE17_M_realloc_insertIJRKiEEEvN9__gnu_cxx17__normal_iteratorIPiS1_EEDpOT_.str1.4
                0x000000000205e7c0       0x1a main.o
 *fill*         0x000000000205e7da        0x2 ff
 .rodata._ZZNSt8__detail18__to_chars_10_implIjEEvPcjT_E8__digits
                0x000000000205e7dc       0xc9 main.o
                0x000000000205e7dc                std::__detail::__to_chars_10_impl<unsigned int>(char*, unsigned int, unsigned int)::__digits
 *fill*         0x000000000205e8a5        0x3 ff
 .rodata.__sassert.str1.4
                0x000000000205e8a8       0x42 C:/devkitPro/libnds/lib\libnds9.a(sassert.o)
 *fill*         0x000000000205e8ea        0x2 ff
 .rodata.con_write.str1.4
                0x000000000205e8ec       0x30 C:/devkitPro/libnds/lib\libnds9.a(console.o)
 .rodata.con_write
                0x000000000205e91c       0xd4 C:/devkitPro/libnds/lib\libnds9.a(console.o)
 .rodata.str1.4
                0x000000000205e9f0       0x14 C:/devkitPro/libnds/lib\libnds9.a(console.o)
 .rodata.dotab_stdout
                0x000000000205ea04       0x70 C:/devkitPro/libnds/lib\libnds9.a(console.o)
 .rodata.SIN_LUT
                0x000000000205ea74      0x102 C:/devkitPro/libnds/lib\libnds9.a(trig.o)
                0x000000000205ea74                SIN_LUT
 *fill*         0x000000000205eb76        0xa ff
 .rodata.default_font_bin
                0x000000000205eb80     0x2000 C:/devkitPro/libnds/lib\libnds9.a(default_font.bin.o)
                0x000000000205eb80                default_font_bin
                0x0000000002060b80                default_font_bin_end
 .rodata._ZNSt7__cxx1112basic_stringIcSt11char_traitsIcESaIcEE9_M_createERjj.str1.4
                0x0000000002060b80       0x18 c:/devkitpro/devkitarm/bin/../lib/gcc/arm-none-eabi/10.2.0/../../../../arm-none-eabi/lib/thumb\libstdc++.a(string-inst.o)
 .rodata._ZNKSt9bad_alloc4whatEv.str1.4
                0x0000000002060b98        0xf c:/devkitpro/devkitarm/bin/../lib/gcc/arm-none-eabi/10.2.0/../../../../arm-none-eabi/lib/thumb\libstdc++.a(bad_alloc.o)
 *fill*         0x0000000002060ba7        0x1 ff
 .rodata._ZTISt9bad_alloc
                0x0000000002060ba8        0xc c:/devkitpro/devkitarm/bin/../lib/gcc/arm-none-eabi/10.2.0/../../../../arm-none-eabi/lib/thumb\libstdc++.a(bad_alloc.o)
                0x0000000002060ba8                typeinfo for std::bad_alloc
 .rodata._ZTSSt9bad_alloc
                0x0000000002060bb4        0xd c:/devkitpro/devkitarm/bin/../lib/gcc/arm-none-eabi/10.2.0/../../../../arm-none-eabi/lib/thumb\libstdc++.a(bad_alloc.o)
                0x0000000002060bb4                typeinfo name for std::bad_alloc
 *fill*         0x0000000002060bc1        0x3 ff
 .rodata._ZTVSt9bad_alloc
                0x0000000002060bc4       0x14 c:/devkitpro/devkitarm/bin/../lib/gcc/arm-none-eabi/10.2.0/../../../../arm-none-eabi/lib/thumb\libstdc++.a(bad_alloc.o)
                0x0000000002060bc4                vtable for std::bad_alloc
 .rodata._ZNKSt13bad_exception4whatEv.str1.4
                0x0000000002060bd8       0x13 c:/devkitpro/devkitarm/bin/../lib/gcc/arm-none-eabi/10.2.0/../../../../arm-none-eabi/lib/thumb\libstdc++.a(eh_exception.o)
 *fill*         0x0000000002060beb        0x1 ff
 .rodata._ZTIN10__cxxabiv115__forced_unwindE
                0x0000000002060bec        0x8 c:/devkitpro/devkitarm/bin/../lib/gcc/arm-none-eabi/10.2.0/../../../../arm-none-eabi/lib/thumb\libstdc++.a(eh_exception.o)
                0x0000000002060bec                typeinfo for __cxxabiv1::__forced_unwind
 .rodata._ZTIN10__cxxabiv119__foreign_exceptionE
                0x0000000002060bf4        0x8 c:/devkitpro/devkitarm/bin/../lib/gcc/arm-none-eabi/10.2.0/../../../../arm-none-eabi/lib/thumb\libstdc++.a(eh_exception.o)
                0x0000000002060bf4                typeinfo for __cxxabiv1::__foreign_exception
 .rodata._ZTISt13bad_exception
                0x0000000002060bfc        0xc c:/devkitpro/devkitarm/bin/../lib/gcc/arm-none-eabi/10.2.0/../../../../arm-none-eabi/lib/thumb\libstdc++.a(eh_exception.o)
                0x0000000002060bfc                typeinfo for std::bad_exception
 .rodata._ZTISt9exception
                0x0000000002060c08        0x8 c:/devkitpro/devkitarm/bin/../lib/gcc/arm-none-eabi/10.2.0/../../../../arm-none-eabi/lib/thumb\libstdc++.a(eh_exception.o)
                0x0000000002060c08                typeinfo for std::exception
 .rodata._ZTSN10__cxxabiv115__forced_unwindE
                0x0000000002060c10       0x20 c:/devkitpro/devkitarm/bin/../lib/gcc/arm-none-eabi/10.2.0/../../../../arm-none-eabi/lib/thumb\libstdc++.a(eh_exception.o)
                0x0000000002060c10                typeinfo name for __cxxabiv1::__forced_unwind
 .rodata._ZTSN10__cxxabiv119__foreign_exceptionE
                0x0000000002060c30       0x24 c:/devkitpro/devkitarm/bin/../lib/gcc/arm-none-eabi/10.2.0/../../../../arm-none-eabi/lib/thumb\libstdc++.a(eh_exception.o)
                0x0000000002060c30                typeinfo name for __cxxabiv1::__foreign_exception
 .rodata._ZTSSt13bad_exception
                0x0000000002060c54       0x12 c:/devkitpro/devkitarm/bin/../lib/gcc/arm-none-eabi/10.2.0/../../../../arm-none-eabi/lib/thumb\libstdc++.a(eh_exception.o)
                0x0000000002060c54                typeinfo name for std::bad_exception
 *fill*         0x0000000002060c66        0x2 ff
 .rodata._ZTSSt9exception
                0x0000000002060c68        0xd c:/devkitpro/devkitarm/bin/../lib/gcc/arm-none-eabi/10.2.0/../../../../arm-none-eabi/lib/thumb\libstdc++.a(eh_exception.o)
                0x0000000002060c68                typeinfo name for std::exception
 *fill*         0x0000000002060c75        0x3 ff
 .rodata._ZTVSt13bad_exception
                0x0000000002060c78       0x14 c:/devkitpro/devkitarm/bin/../lib/gcc/arm-none-eabi/10.2.0/../../../../arm-none-eabi/lib/thumb\libstdc++.a(eh_exception.o)
                0x0000000002060c78                vtable for std::bad_exception
 .rodata._ZL28read_encoded_value_with_basehjPKhPj
                0x0000000002060c8c       0x34 c:/devkitpro/devkitarm/bin/../lib/gcc/arm-none-eabi/10.2.0/../../../../arm-none-eabi/lib/thumb\libstdc++.a(eh_personality.o)
 .rodata._ZTIN10__cxxabiv120__si_class_type_infoE
                0x0000000002060cc0        0xc c:/devkitpro/devkitarm/bin/../lib/gcc/arm-none-eabi/10.2.0/../../../../arm-none-eabi/lib/thumb\libstdc++.a(si_class_type_info.o)
                0x0000000002060cc0                typeinfo for __cxxabiv1::__si_class_type_info
 .rodata._ZTSN10__cxxabiv120__si_class_type_infoE
                0x0000000002060ccc       0x25 c:/devkitpro/devkitarm/bin/../lib/gcc/arm-none-eabi/10.2.0/../../../../arm-none-eabi/lib/thumb\libstdc++.a(si_class_type_info.o)
                0x0000000002060ccc                typeinfo name for __cxxabiv1::__si_class_type_info
 *fill*         0x0000000002060cf1        0x3 ff
 .rodata._ZTVN10__cxxabiv120__si_class_type_infoE
                0x0000000002060cf4       0x2c c:/devkitpro/devkitarm/bin/../lib/gcc/arm-none-eabi/10.2.0/../../../../arm-none-eabi/lib/thumb\libstdc++.a(si_class_type_info.o)
                0x0000000002060cf4                vtable for __cxxabiv1::__si_class_type_info
 .rodata._ZTISt9type_info
                0x0000000002060d20        0x8 c:/devkitpro/devkitarm/bin/../lib/gcc/arm-none-eabi/10.2.0/../../../../arm-none-eabi/lib/thumb\libstdc++.a(tinfo.o)
                0x0000000002060d20                typeinfo for std::type_info
 .rodata._ZTSSt9type_info